Archive member included because of file (symbol)

/usr/lib/gcc/arm-linux-gnueabihf/4.4.7/libgcc.a(_udivsi3.o)
                              arch/arm/cpu/armv7/omap-common/libomap-common.o (__aeabi_uidiv)
/usr/lib/gcc/arm-linux-gnueabihf/4.4.7/libgcc.a(_divsi3.o)
                              drivers/i2c/libi2c.o (__aeabi_idiv)
/usr/lib/gcc/arm-linux-gnueabihf/4.4.7/libgcc.a(_lshrdi3.o)
                              drivers/mtd/nand/libnand.o (__aeabi_llsr)
/usr/lib/gcc/arm-linux-gnueabihf/4.4.7/libgcc.a(_ashrdi3.o)
                              drivers/mtd/nand/libnand.o (__aeabi_lasr)
/usr/lib/gcc/arm-linux-gnueabihf/4.4.7/libgcc.a(_ashldi3.o)
                              drivers/mmc/libmmc.o (__aeabi_llsl)
/usr/lib/gcc/arm-linux-gnueabihf/4.4.7/libgcc.a(_dvmd_lnx.o)
                              /usr/lib/gcc/arm-linux-gnueabihf/4.4.7/libgcc.a(_udivsi3.o) (__aeabi_idiv0)

Discarded input sections

 .data          0x0000000000000000        0x0 arch/arm/cpu/armv7/start.o
 .bss           0x0000000000000000        0x0 arch/arm/cpu/armv7/start.o
 .text          0x0000000000000000        0x0 arch/arm/cpu/armv7/am33xx/libam33xx.o
 .text.get_cpu_rev
                0x0000000000000000       0x14 arch/arm/cpu/armv7/am33xx/libam33xx.o
 .text.get_cpu_type
                0x0000000000000000       0x14 arch/arm/cpu/armv7/am33xx/libam33xx.o
 .text.get_board_rev
                0x0000000000000000        0x8 arch/arm/cpu/armv7/am33xx/libam33xx.o
 .text.get_device_type
                0x0000000000000000       0x18 arch/arm/cpu/armv7/am33xx/libam33xx.o
 .text.get_sysboot_value
                0x0000000000000000       0x18 arch/arm/cpu/armv7/am33xx/libam33xx.o
 .text.dram_init_banksize
                0x0000000000000000       0x1c arch/arm/cpu/armv7/am33xx/libam33xx.o
 .text.config_dmm
                0x0000000000000000       0x64 arch/arm/cpu/armv7/am33xx/libam33xx.o
 .text.dram_init
                0x0000000000000000       0x20 arch/arm/cpu/armv7/am33xx/libam33xx.o
 .text.setup_clocks_for_console
                0x0000000000000000        0x4 arch/arm/cpu/armv7/am33xx/libam33xx.o
 .data          0x0000000000000000        0x0 arch/arm/cpu/armv7/am33xx/libam33xx.o
 .bss           0x0000000000000000        0x0 arch/arm/cpu/armv7/am33xx/libam33xx.o
 .text.v7_inval_tlb
                0x0000000000000000       0x1c arch/arm/cpu/armv7/libarmv7.o
 .text.__v7_outer_cache_enable
                0x0000000000000000        0x4 arch/arm/cpu/armv7/libarmv7.o
 .text.flush_cache
                0x0000000000000000        0x8 arch/arm/cpu/armv7/libarmv7.o
 .text.mmu_page_table_flush
                0x0000000000000000       0x10 arch/arm/cpu/armv7/libarmv7.o
 .text.arm_init_before_mmu
                0x0000000000000000       0x14 arch/arm/cpu/armv7/libarmv7.o
 .text.sr32     0x0000000000000000       0x24 arch/arm/cpu/armv7/libarmv7.o
 .text.wait_on_value
                0x0000000000000000       0x34 arch/arm/cpu/armv7/libarmv7.o
 .data          0x0000000000000000        0x0 arch/arm/cpu/armv7/libarmv7.o
 .bss           0x0000000000000000        0x0 arch/arm/cpu/armv7/libarmv7.o
 .text.warm_reset
                0x0000000000000000       0x18 arch/arm/cpu/armv7/omap-common/libomap-common.o
 .text.setup_warmreset_time
                0x0000000000000000        0x4 arch/arm/cpu/armv7/omap-common/libomap-common.o
 .text.get_ticks
                0x0000000000000000       0x14 arch/arm/cpu/armv7/omap-common/libomap-common.o
 .text.get_tbclk
                0x0000000000000000        0x8 arch/arm/cpu/armv7/omap-common/libomap-common.o
 .text.do_cancel_out
                0x0000000000000000       0x64 arch/arm/cpu/armv7/omap-common/libomap-common.o
 .text.cancel_out
                0x0000000000000000       0xa8 arch/arm/cpu/armv7/omap-common/libomap-common.o
 .data          0x0000000000000000        0x0 arch/arm/cpu/armv7/omap-common/libomap-common.o
 .bss           0x0000000000000000        0x0 arch/arm/cpu/armv7/omap-common/libomap-common.o
 .text.interrupt_init
                0x0000000000000000       0x1c arch/arm/lib/libarm.o
 .text.enable_interrupts
                0x0000000000000000        0x4 arch/arm/lib/libarm.o
 .text.show_regs
                0x0000000000000000      0x140 arch/arm/lib/libarm.o
 .text.bad_mode
                0x0000000000000000       0x10 arch/arm/lib/libarm.o
 .text.do_irq   0x0000000000000000       0x24 arch/arm/lib/libarm.o
 .text.do_fiq   0x0000000000000000       0x24 arch/arm/lib/libarm.o
 .text.do_not_used
                0x0000000000000000       0x24 arch/arm/lib/libarm.o
 .text.do_data_abort
                0x0000000000000000       0x24 arch/arm/lib/libarm.o
 .text.do_prefetch_abort
                0x0000000000000000       0x24 arch/arm/lib/libarm.o
 .text.do_software_interrupt
                0x0000000000000000       0x24 arch/arm/lib/libarm.o
 .text.do_undefined_instruction
                0x0000000000000000       0x24 arch/arm/lib/libarm.o
 .text.__flush_cache
[...]
Memory Configuration

Name             Origin             Length             Attributes
.sram            0x00000000402f0400 0x000000000001bc00
.sdram           0x0000000080a00000 0x0000000000080000
*default*        0x0000000000000000 0xffffffffffffffff

Linker script and memory map


.text           0x00000000402f0400    0x14674
                0x00000000402f0400                __start = .
 arch/arm/cpu/armv7/start.o(.text)
 .text          0x00000000402f0400       0xf0 arch/arm/cpu/armv7/start.o
                0x00000000402f0400                _start
                0x00000000402f0440                _end_vect
                0x00000000402f0440                _TEXT_BASE
                0x00000000402f0444                _bss_start_ofs
                0x00000000402f0448                _bss_end_ofs
                0x00000000402f044c                _end_ofs
                0x00000000402f0450                IRQ_STACK_START_IN
                0x00000000402f0494                c_runtime_cpu_setup
                0x00000000402f04b0                cpu_init_cp15
                0x00000000402f04e8                cpu_init_crit
 *(.text*)
 .text.enable_gpmc_cs_config
                0x00000000402f04f0       0x74 arch/arm/cpu/armv7/am33xx/libam33xx.o
                0x00000000402f04f0                enable_gpmc_cs_config
 .text.gpmc_init
                0x00000000402f0564       0x74 arch/arm/cpu/armv7/am33xx/libam33xx.o
                0x00000000402f0564                gpmc_init
 .text.config_sdram
                0x00000000402f05d8       0x78 arch/arm/cpu/armv7/am33xx/libam33xx.o
                0x00000000402f05d8                config_sdram
 .text.set_sdram_timings
                0x00000000402f0650       0x40 arch/arm/cpu/armv7/am33xx/libam33xx.o
                0x00000000402f0650                set_sdram_timings
 .text.config_ddr_phy
                0x00000000402f0690       0x20 arch/arm/cpu/armv7/am33xx/libam33xx.o
                0x00000000402f0690                config_ddr_phy
 .text.config_cmd_ctrl
                0x00000000402f06b0       0x58 arch/arm/cpu/armv7/am33xx/libam33xx.o
                0x00000000402f06b0                config_cmd_ctrl
 .text.config_ddr_data
                0x00000000402f0708       0x64 arch/arm/cpu/armv7/am33xx/libam33xx.o
                0x00000000402f0708                config_ddr_data
 .text.config_io_ctrl
                0x00000000402f076c       0x30 arch/arm/cpu/armv7/am33xx/libam33xx.o
                0x00000000402f076c                config_io_ctrl
 .text.config_ddr
                0x00000000402f079c       0xbc arch/arm/cpu/armv7/am33xx/libam33xx.o
                0x00000000402f079c                config_ddr
 .text.am33xx_usb_set_phy_power
                0x00000000402f0858       0x20 arch/arm/cpu/armv7/am33xx/libam33xx.o
 .text.am33xx_otg0_set_phy_power
                0x00000000402f0878        0xc arch/arm/cpu/armv7/am33xx/libam33xx.o
 .text.am33xx_otg1_set_phy_power
                0x00000000402f0884        0xc arch/arm/cpu/armv7/am33xx/libam33xx.o
 .text.rtc32k_enable
                0x00000000402f0890       0x34 arch/arm/cpu/armv7/am33xx/libam33xx.o
                0x00000000402f0890                rtc32k_enable
 .text.uart_soft_reset
                0x00000000402f08c4       0x3c arch/arm/cpu/armv7/am33xx/libam33xx.o
                0x00000000402f08c4                uart_soft_reset
 .text.arch_misc_init
                0x00000000402f0900       0x44 arch/arm/cpu/armv7/am33xx/libam33xx.o
                0x00000000402f0900                arch_misc_init
 .text.configure_module_pin_mux
                0x00000000402f0944       0x38 arch/arm/cpu/armv7/am33xx/libam33xx.o
                0x00000000402f0944                configure_module_pin_mux
 .text.mpu_pll_config_val
                0x00000000402f097c       0x90 arch/arm/cpu/armv7/am33xx/libam33xx.o
                0x00000000402f097c                mpu_pll_config_val
 .text.ddr_pll_config
                0x00000000402f0a0c       0x94 arch/arm/cpu/armv7/am33xx/libam33xx.o
                0x00000000402f0a0c                ddr_pll_config
 .text.enable_emif_clocks
                0x00000000402f0aa0       0x34 arch/arm/cpu/armv7/am33xx/libam33xx.o
                0x00000000402f0aa0                enable_emif_clocks
 .text.pll_init
                0x00000000402f0ad4      0x454 arch/arm/cpu/armv7/am33xx/libam33xx.o
                0x00000000402f0ad4                pll_init
 .text.elm_config
                0x00000000402f0f28       0x44 arch/arm/cpu/armv7/am33xx/libam33xx.o
                0x00000000402f0f28                elm_config
 .text.elm_reset
                0x00000000402f0f6c       0x34 arch/arm/cpu/armv7/am33xx/libam33xx.o
                0x00000000402f0f6c                elm_reset
 .text.elm_init
                0x00000000402f0fa0       0x18 arch/arm/cpu/armv7/am33xx/libam33xx.o
                0x00000000402f0fa0                elm_init
 .text.elm_check_error
                0x00000000402f0fb8      0x1d4 arch/arm/cpu/armv7/am33xx/libam33xx.o
                0x00000000402f0fb8                elm_check_error
 .text          0x00000000402f118c       0x20 arch/arm/cpu/armv7/libarmv7.o
                0x00000000402f118c                lowlevel_init
 .text.get_ccsidr
                0x00000000402f11ac        0x8 arch/arm/cpu/armv7/libarmv7.o
 .text.invalidate_icache_all
                0x00000000402f11b4       0x18 arch/arm/cpu/armv7/libarmv7.o
                0x00000000402f11b4                invalidate_icache_all
 .text.__v7_outer_cache_disable
                0x00000000402f11cc        0x4 arch/arm/cpu/armv7/libarmv7.o
                0x00000000402f11cc                v7_outer_cache_disable
                0x00000000402f11cc                __v7_outer_cache_disable
 .text.__v7_outer_cache_flush_all
                0x00000000402f11d0        0x4 arch/arm/cpu/armv7/libarmv7.o
                0x00000000402f11d0                __v7_outer_cache_flush_all
                0x00000000402f11d0                v7_outer_cache_flush_all
 .text.__v7_outer_cache_inval_all
                0x00000000402f11d4        0x4 arch/arm/cpu/armv7/libarmv7.o
                0x00000000402f11d4                v7_outer_cache_inval_all
                0x00000000402f11d4                __v7_outer_cache_inval_all
 .text.__v7_outer_cache_flush_range
                0x00000000402f11d8        0x4 arch/arm/cpu/armv7/libarmv7.o
                0x00000000402f11d8                v7_outer_cache_flush_range
                0x00000000402f11d8                __v7_outer_cache_flush_range
 .text.__v7_outer_cache_inval_range
                0x00000000402f11dc        0x4 arch/arm/cpu/armv7/libarmv7.o
                0x00000000402f11dc                __v7_outer_cache_inval_range
                0x00000000402f11dc                v7_outer_cache_inval_range
 .text.v7_dcache_maint_range
                0x00000000402f11e0       0xcc arch/arm/cpu/armv7/libarmv7.o
 .text.flush_dcache_range
                0x00000000402f12ac       0x24 arch/arm/cpu/armv7/libarmv7.o
                0x00000000402f12ac                flush_dcache_range
 .text.invalidate_dcache_range
                0x00000000402f12d0       0x24 arch/arm/cpu/armv7/libarmv7.o
                0x00000000402f12d0                invalidate_dcache_range
 .text.v7_maint_dcache_all
                0x00000000402f12f4       0xd8 arch/arm/cpu/armv7/libarmv7.o
 .text.flush_dcache_all
                0x00000000402f13cc       0x14 arch/arm/cpu/armv7/libarmv7.o
                0x00000000402f13cc                flush_dcache_all
 .text.invalidate_dcache_all
                0x00000000402f13e0       0x14 arch/arm/cpu/armv7/libarmv7.o
                0x00000000402f13e0                invalidate_dcache_all
 .text.cpu_cache_initialization
                0x00000000402f13f4        0x4 arch/arm/cpu/armv7/libarmv7.o
                0x00000000402f13f4                cpu_cache_initialization
 .text.cleanup_before_linux
                0x00000000402f13f8       0x24 arch/arm/cpu/armv7/libarmv7.o
                0x00000000402f13f8                cleanup_before_linux
 .text.sdelay   0x00000000402f141c        0xc arch/arm/cpu/armv7/libarmv7.o
                0x00000000402f141c                sdelay
 .text          0x00000000402f1428       0x24 arch/arm/cpu/armv7/omap-common/libomap-common.o
                0x00000000402f1428                save_boot_params
                0x00000000402f1434                set_pl310_ctrl_reg
 .text.reset_cpu
                0x00000000402f144c       0x14 arch/arm/cpu/armv7/omap-common/libomap-common.o
                0x00000000402f144c                reset_cpu
 .text.timer_init
                0x00000000402f1460       0x44 arch/arm/cpu/armv7/omap-common/libomap-common.o
                0x00000000402f1460                timer_init
 .text.__udelay
                0x00000000402f14a4       0x54 arch/arm/cpu/armv7/omap-common/libomap-common.o
                0x00000000402f14a4                __udelay
 .text.get_timer_masked
                0x00000000402f14f8       0x3c arch/arm/cpu/armv7/omap-common/libomap-common.o
                0x00000000402f14f8                get_timer_masked
 .text.get_timer
                0x00000000402f1534       0x14 arch/arm/cpu/armv7/omap-common/libomap-common.o
                0x00000000402f1534                get_timer
 .text.save_omap_boot_params
                0x00000000402f1548       0x50 arch/arm/cpu/armv7/omap-common/libomap-common.o
                0x00000000402f1548                save_omap_boot_params
 .text.spl_boot_device
                0x00000000402f1598        0x8 arch/arm/cpu/armv7/omap-common/libomap-common.o
                0x00000000402f1598                spl_boot_device
 .text.spl_boot_mode
                0x00000000402f15a0        0x8 arch/arm/cpu/armv7/omap-common/libomap-common.o
                0x00000000402f15a0                spl_boot_mode
 .text.jump_to_image_no_args
                0x00000000402f15a8       0x10 arch/arm/cpu/armv7/omap-common/libomap-common.o
                0x00000000402f15a8                jump_to_image_no_args
 .text.board_mmc_init
                0x00000000402f15b8       0x58 arch/arm/cpu/armv7/omap-common/libomap-common.o
                0x00000000402f15b8                board_mmc_init
 .text.spl_board_init
                0x00000000402f1610       0x10 arch/arm/cpu/armv7/omap-common/libomap-common.o
                0x00000000402f1610                spl_board_init
 .text          0x00000000402f1620       0x20 arch/arm/lib/libarm.o
                0x00000000402f1620                _main
 .text.jump_to_image_linux
                0x00000000402f1640       0x28 arch/arm/lib/libarm.o
                0x00000000402f1640                jump_to_image_linux
 .text.board_init_f
                0x00000000402f1668       0x40 arch/arm/lib/libarm.o
                0x00000000402f1668                board_init_f
 .text.disable_interrupts
                0x00000000402f16a8        0x8 arch/arm/lib/libarm.o
                0x00000000402f16a8                disable_interrupts
 .text.do_reset
                0x00000000402f16b0       0x2c arch/arm/lib/libarm.o
                0x00000000402f16b0                do_reset
 .text.cp_delay
                0x00000000402f16dc       0x30 arch/arm/lib/libarm.o
 .text.cache_disable
                0x00000000402f170c       0x44 arch/arm/lib/libarm.o
 .text.dcache_disable
                0x00000000402f1750        0x8 arch/arm/lib/libarm.o
                0x00000000402f1750                dcache_disable
 .text.icache_disable
                0x00000000402f1758        0x8 arch/arm/lib/libarm.o
                0x00000000402f1758                icache_disable
 .text.enable_i2c0_pin_mux
                0x00000000402f1760        0xc board/ti/am335x/libam335x.o
                0x00000000402f1760                enable_i2c0_pin_mux
 .text.enable_uart0_pin_mux
                0x00000000402f176c        0xc board/ti/am335x/libam335x.o
                0x00000000402f176c                enable_uart0_pin_mux
 .text.enable_board_pin_mux
                0x00000000402f1778      0x1d0 board/ti/am335x/libam335x.o
                0x00000000402f1778                enable_board_pin_mux
 .text.cpsw_control
                0x00000000402f1948        0x4 board/ti/am335x/libam335x.o
 .text.board_eth_init
                0x00000000402f194c      0x1d4 board/ti/am335x/libam335x.o
                0x00000000402f194c                board_eth_init
 .text.board_is_evm_15_or_later
                0x00000000402f1b20       0x50 board/ti/am335x/libam335x.o
                0x00000000402f1b20                board_is_evm_15_or_later
 .text.read_eeprom
                0x00000000402f1b70       0xbc board/ti/am335x/libam335x.o
 .text.s_init   0x00000000402f1c2c      0x1d0 board/ti/am335x/libam335x.o
                0x00000000402f1c2c                s_init
 .text.spl_start_uboot
                0x00000000402f1dfc       0x24 board/ti/am335x/libam335x.o
                0x00000000402f1dfc                spl_start_uboot
 .text.get_env_id
                0x00000000402f1e20       0x10 common/libcommon.o
                0x00000000402f1e20                get_env_id
 .text.envmatch
                0x00000000402f1e30       0x64 common/libcommon.o
                0x00000000402f1e30                envmatch
 .text.getenv_f
                0x00000000402f1e94       0xb8 common/libcommon.o
                0x00000000402f1e94                getenv_f
 .text.getenv   0x00000000402f1f4c       0x80 common/libcommon.o
                0x00000000402f1f4c                getenv
 .text._do_env_set
                0x00000000402f1fcc      0x1cc common/libcommon.o
 .text.setenv   0x00000000402f2198       0x60 common/libcommon.o
                0x00000000402f2198                setenv
 .text.setenv_hex
                0x00000000402f21f8       0x38 common/libcommon.o
                0x00000000402f21f8                setenv_hex
 .text.fgetc    0x00000000402f2230       0x28 common/libcommon.o
                0x00000000402f2230                fgetc
 .text.ftstc    0x00000000402f2258       0x28 common/libcommon.o
                0x00000000402f2258                ftstc
 .text.fputc    0x00000000402f2280       0x28 common/libcommon.o
                0x00000000402f2280                fputc
 .text.fputs    0x00000000402f22a8       0x28 common/libcommon.o
                0x00000000402f22a8                fputs
 .text.puts     0x00000000402f22d0       0x28 common/libcommon.o
                0x00000000402f22d0                puts
 .text.vprintf  0x00000000402f22f8       0x44 common/libcommon.o
                0x00000000402f22f8                vprintf
 .text.printf   0x00000000402f233c       0x50 common/libcommon.o
                0x00000000402f233c                printf
 .text.putc     0x00000000402f238c       0x28 common/libcommon.o
                0x00000000402f238c                putc
 .text.tstc     0x00000000402f23b4       0x24 common/libcommon.o
                0x00000000402f23b4                tstc
 .text.getc     0x00000000402f23d8       0x24 common/libcommon.o
                0x00000000402f23d8                getc
 .text.ctrlc    0x00000000402f23fc       0x58 common/libcommon.o
                0x00000000402f23fc                ctrlc
 .text.mem_malloc_init
                0x00000000402f2454       0x34 common/libcommon.o
                0x00000000402f2454                mem_malloc_init
 .text.sbrk     0x00000000402f2488       0x70 common/libcommon.o
                0x00000000402f2488                sbrk
 .text.malloc_trim
                0x00000000402f24f8       0xd4 common/libcommon.o
                0x00000000402f24f8                malloc_trim
 .text.free     0x00000000402f25cc      0x228 common/libcommon.o
                0x00000000402f25cc                free
 .text.malloc   0x00000000402f27f4      0x608 common/libcommon.o
                0x00000000402f27f4                malloc
 .text.memalign
                0x00000000402f2dfc      0x10c common/libcommon.o
                0x00000000402f2dfc                memalign
 .text.calloc   0x00000000402f2f08       0xe0 common/libcommon.o
                0x00000000402f2f08                calloc
 .text.reverse_strstr
                0x00000000402f2fe8       0x5c common/libcommon.o
 .text.env_attr_lookup
                0x00000000402f3044      0x124 common/libcommon.o
                0x00000000402f3044                env_attr_lookup
 .text.env_callback_init
                0x00000000402f3168       0xdc common/libcommon.o
                0x00000000402f3168                env_callback_init
 .text.__env_get_char_spec
                0x00000000402f3244        0xc common/libcommon.o
                0x00000000402f3244                env_get_char_spec
 .text.env_get_addr
                0x00000000402f3250       0x24 common/libcommon.o
                0x00000000402f3250                env_get_addr
 .text.env_get_char_memory
                0x00000000402f3274       0x10 common/libcommon.o
                0x00000000402f3274                env_get_char_memory
 .text.env_get_char
                0x00000000402f3284       0x30 common/libcommon.o
                0x00000000402f3284                env_get_char
 .text.set_default_env
                0x00000000402f32b4       0xb8 common/libcommon.o
                0x00000000402f32b4                set_default_env
 .text.env_relocate
                0x00000000402f336c       0x14 common/libcommon.o
                0x00000000402f336c                env_relocate
 .text.getenv_default
                0x00000000402f3380       0x30 common/libcommon.o
                0x00000000402f3380                getenv_default
 .text.getenv_yesno
                0x00000000402f33b0       0x4c common/libcommon.o
                0x00000000402f33b0                getenv_yesno
 .text.skip_num
                0x00000000402f33fc       0x78 common/libcommon.o
 .text.env_flags_validate
                0x00000000402f3474      0x314 common/libcommon.o
                0x00000000402f3474                env_flags_validate
 .text.env_flags_parse_varaccess
                0x00000000402f3788       0x50 common/libcommon.o
                0x00000000402f3788                env_flags_parse_varaccess
 .text.env_flags_parse_vartype
                0x00000000402f37d8       0x4c common/libcommon.o
                0x00000000402f37d8                env_flags_parse_vartype
 .text.env_flags_init
                0x00000000402f3824       0xac common/libcommon.o
                0x00000000402f3824                env_flags_init
 .text.env_relocate_spec
                0x00000000402f38d0        0x4 common/libcommon.o
                0x00000000402f38d0                env_relocate_spec
 .text.env_init
                0x00000000402f38d4       0x18 common/libcommon.o
                0x00000000402f38d4                env_init
 .text.miiphy_init
                0x00000000402f38ec       0x24 common/libcommon.o
                0x00000000402f38ec                miiphy_init
 .text.miiphy_get_current_dev
                0x00000000402f3910       0x18 common/libcommon.o
                0x00000000402f3910                miiphy_get_current_dev
 .text.miiphy_get_dev_by_name
                0x00000000402f3928       0x60 common/libcommon.o
                0x00000000402f3928                miiphy_get_dev_by_name
 .text.miiphy_set_current_dev
                0x00000000402f3988       0x40 common/libcommon.o
                0x00000000402f3988                miiphy_set_current_dev
 .text.mdio_register
                0x00000000402f39c8       0x90 common/libcommon.o
                0x00000000402f39c8                mdio_register
 .text.miiphy_get_active_dev
                0x00000000402f3a58       0x50 common/libcommon.o
 .text.miiphy_write
                0x00000000402f3aa8       0x3c common/libcommon.o
                0x00000000402f3aa8                miiphy_write
 .text.mdio_alloc
                0x00000000402f3ae4       0x30 common/libcommon.o
                0x00000000402f3ae4                mdio_alloc
 .text.xyzModem_error
                0x00000000402f3b14       0x20 common/libcommon.o
                0x00000000402f3b14                xyzModem_error
 .text.CYGACC_COMM_IF_PUTC
                0x00000000402f3b34        0x8 common/libcommon.o
 .text.CYGACC_COMM_IF_GETC_TIMEOUT
                0x00000000402f3b3c       0x54 common/libcommon.o
 .text.xyzModem_flush
                0x00000000402f3b90       0x28 common/libcommon.o
 .text.xyzModem_stream_terminate
                0x00000000402f3bb8       0xd4 common/libcommon.o
                0x00000000402f3bb8                xyzModem_stream_terminate
 .text.xyzModem_stream_close
                0x00000000402f3c8c       0x50 common/libcommon.o
                0x00000000402f3c8c                xyzModem_stream_close
 .text.xyzModem_get_hdr
                0x00000000402f3cdc      0x27c common/libcommon.o
 .text.xyzModem_stream_read
                0x00000000402f3f58      0x288 common/libcommon.o
                0x00000000402f3f58                xyzModem_stream_read
 .text.xyzModem_stream_open
                0x00000000402f41e0      0x278 common/libcommon.o
                0x00000000402f41e0                xyzModem_stream_open
 .text.spl_board_prepare_for_linux
                0x00000000402f4458        0x4 common/spl/libspl.o
                0x00000000402f4458                spl_board_prepare_for_linux
 .text.preloader_console_init
                0x00000000402f445c       0x38 common/spl/libspl.o
                0x00000000402f445c                preloader_console_init
 .text.board_init_r
                0x00000000402f4494       0xbc common/spl/libspl.o
                0x00000000402f4494                board_init_r
 .text.spl_parse_image_header
                0x00000000402f4550      0x130 common/spl/libspl.o
                0x00000000402f4550                spl_parse_image_header
 .text.spl_ymodem_load_image
                0x00000000402f4680       0xd8 common/spl/libspl.o
                0x00000000402f4680                spl_ymodem_load_image
 .text.getcymodem
                0x00000000402f4758       0x20 common/spl/libspl.o
 .text.spl_nand_load_image
                0x00000000402f4778       0xd4 common/spl/libspl.o
                0x00000000402f4778                spl_nand_load_image
 .text.spl_net_load_image
                0x00000000402f484c       0x98 common/spl/libspl.o
                0x00000000402f484c                spl_net_load_image
 .text.mmc_load_image_raw
                0x00000000402f48e4       0x90 common/spl/libspl.o
 .text.mmc_load_image_fat
                0x00000000402f4974       0x70 common/spl/libspl.o
 .text.spl_mmc_load_image
                0x00000000402f49e4      0x150 common/spl/libspl.o
                0x00000000402f49e4                spl_mmc_load_image
 .text.get_partition_info
                0x00000000402f4b34       0x24 disk/libdisk.o
                0x00000000402f4b34                get_partition_info
 .text.init_part
                0x00000000402f4b58       0x20 disk/libdisk.o
                0x00000000402f4b58                init_part
 .text.get_partition_info_extended
                0x00000000402f4b78      0x290 disk/libdisk.o
 .text.get_partition_info_dos
                0x00000000402f4e08       0x28 disk/libdisk.o
                0x00000000402f4e08                get_partition_info_dos
 .text.test_block_type
                0x00000000402f4e30       0x80 disk/libdisk.o
 .text.test_part_dos
                0x00000000402f4eb0       0x60 disk/libdisk.o
                0x00000000402f4eb0                test_part_dos
 .text.gpio_is_valid
                0x00000000402f4f10       0x10 drivers/gpio/libgpio.o
                0x00000000402f4f10                gpio_is_valid
 .text._set_gpio_direction
                0x00000000402f4f20       0x2c drivers/gpio/libgpio.o
 .text.check_gpio
                0x00000000402f4f4c       0x30 drivers/gpio/libgpio.o
 .text.gpio_request
                0x00000000402f4f7c       0x18 drivers/gpio/libgpio.o
                0x00000000402f4f7c                gpio_request
 .text.gpio_direction_input
                0x00000000402f4f94       0x40 drivers/gpio/libgpio.o
                0x00000000402f4f94                gpio_direction_input
 .text.gpio_get_value
                0x00000000402f4fd4       0x70 drivers/gpio/libgpio.o
                0x00000000402f4fd4                gpio_get_value
 .text._set_gpio_dataout
                0x00000000402f5044       0x44 drivers/gpio/libgpio.o
 .text.gpio_direction_output
                0x00000000402f5088       0x5c drivers/gpio/libgpio.o
                0x00000000402f5088                gpio_direction_output
 .text.wait_for_bb
                0x00000000402f50e4       0x80 drivers/i2c/libi2c.o
 .text.wait_for_event
                0x00000000402f5164       0x7c drivers/i2c/libi2c.o
 .text.flush_fifo
                0x00000000402f51e0       0x38 drivers/i2c/libi2c.o
 .text.i2c_read
                0x00000000402f5218      0x220 drivers/i2c/libi2c.o
                0x00000000402f5218                i2c_read
 .text.i2c_probe
                0x00000000402f5438       0xf0 drivers/i2c/libi2c.o
                0x00000000402f5438                i2c_probe
 .text.i2c_init
                0x00000000402f5528      0x1a8 drivers/i2c/libi2c.o
                0x00000000402f5528                i2c_init
 .text.__board_mmc_getcd
                0x00000000402f56d0        0x8 drivers/mmc/libmmc.o
                0x00000000402f56d0                __board_mmc_getcd
                0x00000000402f56d0                board_mmc_getcd
 .text.mmc_getcd
                0x00000000402f56d8       0x30 drivers/mmc/libmmc.o
                0x00000000402f56d8                mmc_getcd
 .text.mmc_set_ios
                0x00000000402f5708      0x138 drivers/mmc/libmmc.o
 .text.mmc_set_clock
                0x00000000402f5840       0x20 drivers/mmc/libmmc.o
                0x00000000402f5840                mmc_set_clock
 .text.mmc_set_bus_width
                0x00000000402f5860        0x8 drivers/mmc/libmmc.o
 .text.mmc_register
                0x00000000402f5868       0x80 drivers/mmc/libmmc.o
                0x00000000402f5868                mmc_register
 .text.__def_mmc_init
                0x00000000402f58e8        0x8 drivers/mmc/libmmc.o
                0x00000000402f58e8                cpu_mmc_init
 .text.print_mmc_devices
                0x00000000402f58f0       0x68 drivers/mmc/libmmc.o
                0x00000000402f58f0                print_mmc_devices
 .text.find_mmc_device
                0x00000000402f5958       0x48 drivers/mmc/libmmc.o
                0x00000000402f5958                find_mmc_device
 .text.mmc_send_cmd
                0x00000000402f59a0      0x444 drivers/mmc/libmmc.o
 .text.mmc_send_ext_csd
                0x00000000402f5de4       0x4c drivers/mmc/libmmc.o
 .text.mmc_go_idle
                0x00000000402f5e30       0x4c drivers/mmc/libmmc.o
 .text.mmc_set_blocklen
                0x00000000402f5e7c       0x30 drivers/mmc/libmmc.o
 .text.mmc_bread
                0x00000000402f5eac      0x150 drivers/mmc/libmmc.o
 .text.mmc_send_op_cond_iter
                0x00000000402f5ffc       0x84 drivers/mmc/libmmc.o
 .text.mmc_send_op_cond
                0x00000000402f6080       0x70 drivers/mmc/libmmc.o
                0x00000000402f6080                mmc_send_op_cond
 .text.mmc_start_init
                0x00000000402f60f0      0x248 drivers/mmc/libmmc.o
                0x00000000402f60f0                mmc_start_init
 .text.mmc_initialize
                0x00000000402f6338       0x7c drivers/mmc/libmmc.o
                0x00000000402f6338                mmc_initialize
 .text.mmc_complete_op_cond
                0x00000000402f63b4       0xc8 drivers/mmc/libmmc.o
                0x00000000402f63b4                mmc_complete_op_cond
 .text.mmc_set_capacity
                0x00000000402f647c       0xa8 drivers/mmc/libmmc.o
 .text.T.129    0x00000000402f6524       0x58 drivers/mmc/libmmc.o
 .text.T.130    0x00000000402f657c       0xcc drivers/mmc/libmmc.o
 .text.mmc_berase
                0x00000000402f6648      0x188 drivers/mmc/libmmc.o
 .text.mmc_bwrite
                0x00000000402f67d0      0x184 drivers/mmc/libmmc.o
 .text.mmc_switch
                0x00000000402f6954       0x50 drivers/mmc/libmmc.o
 .text.mmc_startup
                0x00000000402f69a4      0xaa8 drivers/mmc/libmmc.o
 .text.mmc_init
                0x00000000402f744c       0x88 drivers/mmc/libmmc.o
                0x00000000402f744c                mmc_init
 .text.omap_mmc_setup_gpio_in
                0x00000000402f74d4       0x48 drivers/mmc/libmmc.o
 .text.omap_mmc_init
                0x00000000402f751c      0x168 drivers/mmc/libmmc.o
                0x00000000402f751c                omap_mmc_init
 .text.omap_mmc_getwp
                0x00000000402f7684        0xc drivers/mmc/libmmc.o
 .text.omap_mmc_getcd
                0x00000000402f7690        0xc drivers/mmc/libmmc.o
 .text.mmc_reset_controller_fsm
                0x00000000402f769c       0x6c drivers/mmc/libmmc.o
 .text.mmc_init_stream
                0x00000000402f7708       0xb0 drivers/mmc/libmmc.o
                0x00000000402f7708                mmc_init_stream
 .text.mmc_init_setup
                0x00000000402f77b8      0x15c drivers/mmc/libmmc.o
 .text.nand_command
                0x00000000402f7914      0x33c drivers/mtd/nand/libnand.o
 .text.nand_spl_load_image
                0x00000000402f7c50      0x230 drivers/mtd/nand/libnand.o
                0x00000000402f7c50                nand_spl_load_image
 .text.nand_deselect
                0x00000000402f7e80       0x2c drivers/mtd/nand/libnand.o
                0x00000000402f7e80                nand_deselect
 .text.nand_init
                0x00000000402f7eac       0x5c drivers/mtd/nand/libnand.o
                0x00000000402f7eac                nand_init
 .text.nand_read_buf
                0x00000000402f7f08       0x28 drivers/mtd/nand/libnand.o
                0x00000000402f7f08                nand_read_buf
 .text.nand_read_buf16
                0x00000000402f7f30       0x34 drivers/mtd/nand/libnand.o
                0x00000000402f7f30                nand_read_buf16
 .text.nand_wait_ready
                0x00000000402f7f64       0x4c drivers/mtd/nand/libnand.o
                0x00000000402f7f64                nand_wait_ready
 .text.omap_nand_hwcontrol
                0x00000000402f7fb0       0xa4 drivers/mtd/nand/libnand.o
 .text.omap_spl_dev_ready
                0x00000000402f8054       0x18 drivers/mtd/nand/libnand.o
                0x00000000402f8054                omap_spl_dev_ready
 .text.omap_hwecc_init_bch
                0x00000000402f806c       0x8c drivers/mtd/nand/libnand.o
 .text.omap_enable_ecc_bch
                0x00000000402f80f8       0x2c drivers/mtd/nand/libnand.o
 .text.omap_read_page_bch
                0x00000000402f8124      0x1b0 drivers/mtd/nand/libnand.o
 .text.board_nand_init
                0x00000000402f82d4      0x19c drivers/mtd/nand/libnand.o
                0x00000000402f82d4                board_nand_init
 .text.omap_correct_data_bch
                0x00000000402f8470      0x148 drivers/mtd/nand/libnand.o
 .text.omap_calculate_ecc_bch
                0x00000000402f85b8       0x8c drivers/mtd/nand/libnand.o
 .text.spl_spi_load_image
                0x00000000402f8644       0x78 drivers/mtd/spi/libspi_flash.o
                0x00000000402f8644                spl_spi_load_image
 .text.spi_flash_addr
                0x00000000402f86bc       0x18 drivers/mtd/spi/libspi_flash.o
 .text.spi_flash_do_alloc
                0x00000000402f86d4       0x70 drivers/mtd/spi/libspi_flash.o
                0x00000000402f86d4                spi_flash_do_alloc
 .text.spi_flash_read_write
                0x00000000402f8744       0x74 drivers/mtd/spi/libspi_flash.o
 .text.spi_flash_cmd_write
                0x00000000402f87b8       0x1c drivers/mtd/spi/libspi_flash.o
                0x00000000402f87b8                spi_flash_cmd_write
 .text.spi_flash_cmd_read
                0x00000000402f87d4       0x1c drivers/mtd/spi/libspi_flash.o
                0x00000000402f87d4                spi_flash_cmd_read
 .text.spi_flash_read_common
                0x00000000402f87f0       0x58 drivers/mtd/spi/libspi_flash.o
                0x00000000402f87f0                spi_flash_read_common
 .text.spi_flash_bank_config
                0x00000000402f8848       0xb0 drivers/mtd/spi/libspi_flash.o
                0x00000000402f8848                spi_flash_bank_config
 .text.spi_flash_cmd
                0x00000000402f88f8       0x2c drivers/mtd/spi/libspi_flash.o
                0x00000000402f88f8                spi_flash_cmd
 .text.spi_flash_probe
                0x00000000402f8924      0x144 drivers/mtd/spi/libspi_flash.o
                0x00000000402f8924                spi_flash_probe
 .text.spi_flash_cmd_wait_ready
                0x00000000402f8a68       0xd4 drivers/mtd/spi/libspi_flash.o
                0x00000000402f8a68                spi_flash_cmd_wait_ready
 .text.spi_flash_write_common
                0x00000000402f8b3c       0x98 drivers/mtd/spi/libspi_flash.o
                0x00000000402f8b3c                spi_flash_write_common
 .text.spi_flash_cmd_bankaddr_write
                0x00000000402f8bd4       0x58 drivers/mtd/spi/libspi_flash.o
                0x00000000402f8bd4                spi_flash_cmd_bankaddr_write
 .text.spi_flash_cmd_read_fast
                0x00000000402f8c2c       0xc0 drivers/mtd/spi/libspi_flash.o
                0x00000000402f8c2c                spi_flash_cmd_read_fast
 .text.spi_flash_cmd_write_multi
                0x00000000402f8cec       0xc4 drivers/mtd/spi/libspi_flash.o
                0x00000000402f8cec                spi_flash_cmd_write_multi
 .text.spi_flash_cmd_erase
                0x00000000402f8db0       0xc0 drivers/mtd/spi/libspi_flash.o
                0x00000000402f8db0                spi_flash_cmd_erase
 .text.spi_flash_probe_stmicro
                0x00000000402f8e70       0xe4 drivers/mtd/spi/libspi_flash.o
                0x00000000402f8e70                spi_flash_probe_stmicro
 .text.cpsw_ale_read
                0x00000000402f8f54       0x2c drivers/net/libnet.o
 .text.cpsw_ale_write
                0x00000000402f8f80       0x3c drivers/net/libnet.o
 .text.cpsw_ale_match_free
                0x00000000402f8fbc       0x50 drivers/net/libnet.o
 .text.cpsw_ale_find_ageable
                0x00000000402f900c       0x70 drivers/net/libnet.o
 .text.cpdma_submit
                0x00000000402f907c       0x90 drivers/net/libnet.o
 .text.cpdma_process
                0x00000000402f910c       0x90 drivers/net/libnet.o
 .text.cpsw_halt
                0x00000000402f919c       0x60 drivers/net/libnet.o
 .text.cpsw_mdio_write
                0x00000000402f91fc       0xc0 drivers/net/libnet.o
 .text.cpsw_mdio_read
                0x00000000402f92bc       0xc0 drivers/net/libnet.o
 .text.cpsw_register
                0x00000000402f937c      0x244 drivers/net/libnet.o
                0x00000000402f937c                cpsw_register
 .text.cpsw_update_link
                0x00000000402f95c0       0xf4 drivers/net/libnet.o
 .text.cpsw_recv
                0x00000000402f96b4       0x68 drivers/net/libnet.o
 .text.cpsw_send
                0x00000000402f971c       0xb0 drivers/net/libnet.o
 .text.cpsw_ale_match_addr
                0x00000000402f97cc       0xac drivers/net/libnet.o
 .text.T.112    0x00000000402f9878      0x108 drivers/net/libnet.o
 .text.cpsw_init
                0x00000000402f9980      0x444 drivers/net/libnet.o
 .text.generic_ffs
                0x00000000402f9dc4       0x54 drivers/net/phy/libphy.o
 .text.genphy_restart_aneg
                0x00000000402f9e18       0x54 drivers/net/phy/libphy.o
                0x00000000402f9e18                genphy_restart_aneg
 .text.genphy_config_aneg
                0x00000000402f9e6c      0x1e4 drivers/net/phy/libphy.o
                0x00000000402f9e6c                genphy_config_aneg
 .text.genphy_parse_link
                0x00000000402fa050      0x184 drivers/net/phy/libphy.o
                0x00000000402fa050                genphy_parse_link
 .text.genphy_config
                0x00000000402fa1d4       0xb4 drivers/net/phy/libphy.o
                0x00000000402fa1d4                genphy_config
 .text.genphy_shutdown
                0x00000000402fa288        0x8 drivers/net/phy/libphy.o
                0x00000000402fa288                genphy_shutdown
 .text.phy_register
                0x00000000402fa290       0x28 drivers/net/phy/libphy.o
                0x00000000402fa290                phy_register
 .text.phy_startup
                0x00000000402fa2b8       0x20 drivers/net/phy/libphy.o
                0x00000000402fa2b8                phy_startup
 .text.__board_phy_config
                0x00000000402fa2d8       0x20 drivers/net/phy/libphy.o
                0x00000000402fa2d8                board_phy_config
 .text.phy_config
                0x00000000402fa2f8       0x10 drivers/net/phy/libphy.o
                0x00000000402fa2f8                phy_config
 .text.phy_device_create
                0x00000000402fa308       0xe4 drivers/net/phy/libphy.o
 .text.get_phy_device_by_mask
                0x00000000402fa3ec      0x14c drivers/net/phy/libphy.o
 .text.phy_find_by_mask
                0x00000000402fa538       0x3c drivers/net/phy/libphy.o
                0x00000000402fa538                phy_find_by_mask
 .text.phy_reset
                0x00000000402fa574       0xac drivers/net/phy/libphy.o
                0x00000000402fa574                phy_reset
 .text.phy_connect_dev
                0x00000000402fa620       0x40 drivers/net/phy/libphy.o
                0x00000000402fa620                phy_connect_dev
 .text.phy_connect
                0x00000000402fa660       0x50 drivers/net/phy/libphy.o
                0x00000000402fa660                phy_connect
 .text.phy_init
                0x00000000402fa6b0       0x10 drivers/net/phy/libphy.o
                0x00000000402fa6b0                phy_init
 .text.genphy_update_link
                0x00000000402fa6c0      0x13c drivers/net/phy/libphy.o
                0x00000000402fa6c0                genphy_update_link
 .text.genphy_startup
                0x00000000402fa7fc       0x1c drivers/net/phy/libphy.o
                0x00000000402fa7fc                genphy_startup
 .text.phy_smsc_init
                0x00000000402fa818       0x30 drivers/net/phy/libphy.o
                0x00000000402fa818                phy_smsc_init
 .text.smsc_startup
                0x00000000402fa848       0x4c drivers/net/phy/libphy.o
 .text.NS16550_init
                0x00000000402fa894       0x64 drivers/serial/libserial.o
                0x00000000402fa894                NS16550_init
 .text.NS16550_reinit
                0x00000000402fa8f8       0x4c drivers/serial/libserial.o
                0x00000000402fa8f8                NS16550_reinit
 .text.NS16550_putc
                0x00000000402fa944       0x18 drivers/serial/libserial.o
                0x00000000402fa944                NS16550_putc
 .text.NS16550_getc
                0x00000000402fa95c       0x18 drivers/serial/libserial.o
                0x00000000402fa95c                NS16550_getc
 .text.NS16550_tstc
                0x00000000402fa974        0xc drivers/serial/libserial.o
                0x00000000402fa974                NS16550_tstc
 .text.get_current
                0x00000000402fa980       0x40 drivers/serial/libserial.o
 .text.serial_puts
                0x00000000402fa9c0       0x1c drivers/serial/libserial.o
                0x00000000402fa9c0                serial_puts
 .text.serial_putc
                0x00000000402fa9dc       0x1c drivers/serial/libserial.o
                0x00000000402fa9dc                serial_putc
 .text.serial_tstc
                0x00000000402fa9f8       0x14 drivers/serial/libserial.o
                0x00000000402fa9f8                serial_tstc
 .text.serial_getc
                0x00000000402faa0c       0x14 drivers/serial/libserial.o
                0x00000000402faa0c                serial_getc
 .text.serial_init
                0x00000000402faa20       0x14 drivers/serial/libserial.o
                0x00000000402faa20                serial_init
 .text.calc_divisor
                0x00000000402faa34       0x28 drivers/serial/libserial.o
 .text.default_serial_console
                0x00000000402faa5c        0xc drivers/serial/libserial.o
                0x00000000402faa5c                default_serial_console
 .text.eserial1_init
                0x00000000402faa68       0x24 drivers/serial/libserial.o
 .text._serial_setbrg
                0x00000000402faa8c       0x2c drivers/serial/libserial.o
                0x00000000402faa8c                _serial_setbrg
 .text.eserial1_setbrg
                0x00000000402faab8        0x8 drivers/serial/libserial.o
 .text._serial_tstc
                0x00000000402faac0       0x14 drivers/serial/libserial.o
                0x00000000402faac0                _serial_tstc
 .text.eserial1_tstc
                0x00000000402faad4        0x8 drivers/serial/libserial.o
 .text._serial_getc
                0x00000000402faadc       0x1c drivers/serial/libserial.o
                0x00000000402faadc                _serial_getc
 .text.eserial1_getc
                0x00000000402faaf8        0x8 drivers/serial/libserial.o
 .text._serial_putc
                0x00000000402fab00       0x44 drivers/serial/libserial.o
                0x00000000402fab00                _serial_putc
 .text.eserial1_putc
                0x00000000402fab44        0x8 drivers/serial/libserial.o
 .text._serial_puts
                0x00000000402fab4c       0x30 drivers/serial/libserial.o
                0x00000000402fab4c                _serial_puts
 .text.eserial1_puts
                0x00000000402fab7c        0x8 drivers/serial/libserial.o
 .text.spi_do_alloc_slave
                0x00000000402fab84       0x44 drivers/spi/libspi.o
                0x00000000402fab84                spi_do_alloc_slave
 .text.spi_reset
                0x00000000402fabc8       0x38 drivers/spi/libspi.o
 .text.omap3_spi_write_chconf
                0x00000000402fac00       0x30 drivers/spi/libspi.o
 .text.omap3_spi_set_enable
                0x00000000402fac30       0x30 drivers/spi/libspi.o
 .text.spi_claim_bus
                0x00000000402fac60       0xc8 drivers/spi/libspi.o
                0x00000000402fac60                spi_claim_bus
 .text.spi_release_bus
                0x00000000402fad28        0x4 drivers/spi/libspi.o
                0x00000000402fad28                spi_release_bus
 .text.omap3_spi_txrx
                0x00000000402fad2c      0x188 drivers/spi/libspi.o
                0x00000000402fad2c                omap3_spi_txrx
 .text.omap3_spi_read
                0x00000000402faeb4      0x134 drivers/spi/libspi.o
                0x00000000402faeb4                omap3_spi_read
 .text.omap3_spi_write
                0x00000000402fafe8      0x130 drivers/spi/libspi.o
                0x00000000402fafe8                omap3_spi_write
 .text.spi_xfer
                0x00000000402fb118       0xe0 drivers/spi/libspi.o
                0x00000000402fb118                spi_xfer
 .text.spi_free_slave
                0x00000000402fb1f8        0x4 drivers/spi/libspi.o
                0x00000000402fb1f8                spi_free_slave
 .text.spi_setup_slave
                0x00000000402fb1fc      0x124 drivers/spi/libspi.o
                0x00000000402fb1fc                spi_setup_slave
 .text.musb_generic_disable
                0x00000000402fb320       0x28 drivers/usb/musb-new/libusb_musb-new.o
 .text.fifo_setup
                0x00000000402fb348      0x170 drivers/usb/musb-new/libusb_musb-new.o
 .text.musb_read_fifo
                0x00000000402fb4b8       0xc0 drivers/usb/musb-new/libusb_musb-new.o
                0x00000000402fb4b8                musb_read_fifo
 .text.musb_write_fifo
                0x00000000402fb578       0xc0 drivers/usb/musb-new/libusb_musb-new.o
                0x00000000402fb578                musb_write_fifo
 .text.musb_load_testpacket
                0x00000000402fb638       0x34 drivers/usb/musb-new/libusb_musb-new.o
                0x00000000402fb638                musb_load_testpacket
 .text.musb_init_controller
                0x00000000402fb66c      0x6ac drivers/usb/musb-new/libusb_musb-new.o
                0x00000000402fb66c                musb_init_controller
 .text.musb_interrupt
                0x00000000402fbd18      0x138 drivers/usb/musb-new/libusb_musb-new.o
                0x00000000402fbd18                musb_interrupt
 .text.dsps_musb_enable
                0x00000000402fbe50       0x44 drivers/usb/musb-new/libusb_musb-new.o
 .text.dsps_musb_disable
                0x00000000402fbe94        0x4 drivers/usb/musb-new/libusb_musb-new.o
 .text.dsps_musb_init
                0x00000000402fbe98       0x90 drivers/usb/musb-new/libusb_musb-new.o
 .text.dsps_musb_exit
                0x00000000402fbf28       0x24 drivers/usb/musb-new/libusb_musb-new.o
 .text.dsps_interrupt
                0x00000000402fbf4c       0xdc drivers/usb/musb-new/libusb_musb-new.o
 .text.musb_g_giveback
                0x00000000402fc028       0x50 drivers/usb/musb-new/libusb_musb-new.o
                0x00000000402fc028                musb_g_giveback
 .text.musb_gadget_enable
                0x00000000402fc078      0x1f0 drivers/usb/musb-new/libusb_musb-new.o
 .text.musb_gadget_dequeue
                0x00000000402fc268       0x94 drivers/usb/musb-new/libusb_musb-new.o
 .text.musb_gadget_fifo_status
                0x00000000402fc2fc       0x40 drivers/usb/musb-new/libusb_musb-new.o
 .text.musb_gadget_fifo_flush
                0x00000000402fc33c       0x74 drivers/usb/musb-new/libusb_musb-new.o
 .text.musb_gadget_get_frame
                0x00000000402fc3b0        0xc drivers/usb/musb-new/libusb_musb-new.o
 .text.musb_gadget_wakeup
                0x00000000402fc3bc        0x8 drivers/usb/musb-new/libusb_musb-new.o
 .text.musb_gadget_set_self_powered
                0x00000000402fc3c4       0x1c drivers/usb/musb-new/libusb_musb-new.o
 .text.musb_gadget_vbus_draw
                0x00000000402fc3e0        0x8 drivers/usb/musb-new/libusb_musb-new.o
 .text.musb_gadget_pullup
                0x00000000402fc3e8       0x48 drivers/usb/musb-new/libusb_musb-new.o
 .text.init_peripheral_ep
                0x00000000402fc430      0x120 drivers/usb/musb-new/libusb_musb-new.o
 .text.musb_gadget_setup
                0x00000000402fc550       0xdc drivers/usb/musb-new/libusb_musb-new.o
                0x00000000402fc550                musb_gadget_setup
 .text.txstate  0x00000000402fc62c       0xa8 drivers/usb/musb-new/libusb_musb-new.o
 .text.musb_g_tx
                0x00000000402fc6d4      0x148 drivers/usb/musb-new/libusb_musb-new.o
                0x00000000402fc6d4                musb_g_tx
 .text.rxstate  0x00000000402fc81c       0xd4 drivers/usb/musb-new/libusb_musb-new.o
 .text.musb_ep_restart
                0x00000000402fc8f0       0x20 drivers/usb/musb-new/libusb_musb-new.o
                0x00000000402fc8f0                musb_ep_restart
 .text.musb_gadget_set_halt
                0x00000000402fc910      0x108 drivers/usb/musb-new/libusb_musb-new.o
 .text.musb_gadget_queue
                0x00000000402fca18       0xbc drivers/usb/musb-new/libusb_musb-new.o
 .text.musb_g_rx
                0x00000000402fcad4       0x90 drivers/usb/musb-new/libusb_musb-new.o
                0x00000000402fcad4                musb_g_rx
 .text.musb_free_request
                0x00000000402fcb64        0x8 drivers/usb/musb-new/libusb_musb-new.o
                0x00000000402fcb64                musb_free_request
 .text.musb_alloc_request
                0x00000000402fcb6c       0x34 drivers/usb/musb-new/libusb_musb-new.o
                0x00000000402fcb6c                musb_alloc_request
 .text.musb_gadget_disable
                0x00000000402fcba0       0xa0 drivers/usb/musb-new/libusb_musb-new.o
 .text.musb_g_ep0_enable
                0x00000000402fcc40        0x8 drivers/usb/musb-new/libusb_musb-new.o
 .text.musb_g_ep0_disable
                0x00000000402fcc48        0x8 drivers/usb/musb-new/libusb_musb-new.o
 .text.musb_g_ep0_dequeue
                0x00000000402fcc50        0x8 drivers/usb/musb-new/libusb_musb-new.o
 .text.musb_g_ep0_halt
                0x00000000402fcc58       0x94 drivers/usb/musb-new/libusb_musb-new.o
 .text.musb_g_ep0_giveback
                0x00000000402fccec        0xc drivers/usb/musb-new/libusb_musb-new.o
 .text.ep0_txstate
                0x00000000402fccf8       0xd0 drivers/usb/musb-new/libusb_musb-new.o
 .text.musb_g_ep0_queue
                0x00000000402fcdc8      0x108 drivers/usb/musb-new/libusb_musb-new.o
 .text.musb_g_ep0_irq
                0x00000000402fced0      0x87c drivers/usb/musb-new/libusb_musb-new.o
                0x00000000402fced0                musb_g_ep0_irq
 .text.musb_ep_set_qh
                0x00000000402fd74c       0x34 drivers/usb/musb-new/libusb_musb-new.o
 .text.musb_ep_get_qh
                0x00000000402fd780       0x10 drivers/usb/musb-new/libusb_musb-new.o
 .text.musb_h_flush_rxfifo
                0x00000000402fd790       0x20 drivers/usb/musb-new/libusb_musb-new.o
 .text.musb_h_tx_flush_fifo
                0x00000000402fd7b0       0x60 drivers/usb/musb-new/libusb_musb-new.o
 .text.musb_h_ep0_flush_fifo
                0x00000000402fd810       0x68 drivers/usb/musb-new/libusb_musb-new.o
 .text.musb_start_urb
                0x00000000402fd878      0x514 drivers/usb/musb-new/libusb_musb-new.o
 .text.musb_advance_schedule
                0x00000000402fdd8c      0x1e8 drivers/usb/musb-new/libusb_musb-new.o
 .text.musb_host_tx
                0x00000000402fdf74      0x1cc drivers/usb/musb-new/libusb_musb-new.o
                0x00000000402fdf74                musb_host_tx
 .text.musb_host_rx
                0x00000000402fe140      0x368 drivers/usb/musb-new/libusb_musb-new.o
                0x00000000402fe140                musb_host_rx
 .text.musb_h_ep0_irq
                0x00000000402fe4a8      0x288 drivers/usb/musb-new/libusb_musb-new.o
                0x00000000402fe4a8                musb_h_ep0_irq
 .text.musb_register
                0x00000000402fe730       0x40 drivers/usb/musb-new/libusb_musb-new.o
                0x00000000402fe730                musb_register
 .text.downcase
                0x00000000402fe770       0x38 fs/fat/libfat.o
 .text.disk_read
                0x00000000402fe7a8       0x58 fs/fat/libfat.o
 .text.dirdelim
                0x00000000402fe800       0x34 fs/fat/libfat.o
 .text.get_fatent
                0x00000000402fe834      0x168 fs/fat/libfat.o
 .text.slot2str
                0x00000000402fe99c       0xc4 fs/fat/libfat.o
 .text.mkcksum  0x00000000402fea60       0x54 fs/fat/libfat.o
 .text.get_name
                0x00000000402feab4       0xbc fs/fat/libfat.o
 .text.read_bootsectandvi
                0x00000000402feb70      0x128 fs/fat/libfat.o
 .text.get_cluster
                0x00000000402fec98      0x178 fs/fat/libfat.o
 .text.get_vfatname
                0x00000000402fee10      0x1b4 fs/fat/libfat.o
 .text.do_fat_read_at
                0x00000000402fefc4      0xb50 fs/fat/libfat.o
                0x00000000402fefc4                do_fat_read_at
 .text.file_fat_read_at
                0x00000000402ffb14       0x44 fs/fat/libfat.o
                0x00000000402ffb14                file_fat_read_at
 .text.file_fat_read
                0x00000000402ffb58       0x14 fs/fat/libfat.o
                0x00000000402ffb58                file_fat_read
 .text.fat_set_blk_dev
                0x00000000402ffb6c       0xd4 fs/fat/libfat.o
                0x00000000402ffb6c                fat_set_blk_dev
 .text.fat_register_device
                0x00000000402ffc40       0x88 fs/fat/libfat.o
                0x00000000402ffc40                fat_register_device
 .text.cyg_crc16
                0x00000000402ffcc8       0x44 lib/libgeneric.o
                0x00000000402ffcc8                cyg_crc16
 .text.print_size
                0x00000000402ffd0c      0x138 lib/libgeneric.o
                0x00000000402ffd0c                print_size
 .text.__div64_32
                0x00000000402ffe44       0xd0 lib/libgeneric.o
                0x00000000402ffe44                __div64_32
 .text.hang     0x00000000402fff14       0x14 lib/libgeneric.o
                0x00000000402fff14                hang
 .text._hdelete
                0x00000000402fff28       0x50 lib/libgeneric.o
 .text.hdestroy_r
                0x00000000402fff78       0x74 lib/libgeneric.o
                0x00000000402fff78                hdestroy_r
 .text.drop_var_from_set
                0x00000000402fffec       0x60 lib/libgeneric.o
 .text.hsearch_r
                0x000000004030004c      0x508 lib/libgeneric.o
                0x000000004030004c                hsearch_r
 .text.hdelete_r
                0x0000000040300554       0xf4 lib/libgeneric.o
                0x0000000040300554                hdelete_r
 .text.hcreate_r
                0x0000000040300648       0xa8 lib/libgeneric.o
                0x0000000040300648                hcreate_r
 .text.himport_r
                0x00000000403006f0      0x338 lib/libgeneric.o
                0x00000000403006f0                himport_r
 .text.string_to_ip
                0x0000000040300a28       0x7c lib/libgeneric.o
                0x0000000040300a28                string_to_ip
 .text.strcpy   0x0000000040300aa4       0x1c lib/libgeneric.o
                0x0000000040300aa4                strcpy
 .text.strncpy  0x0000000040300ac0       0x28 lib/libgeneric.o
                0x0000000040300ac0                strncpy
 .text.strcat   0x0000000040300ae8       0x30 lib/libgeneric.o
                0x0000000040300ae8                strcat
 .text.strcmp   0x0000000040300b18       0x30 lib/libgeneric.o
                0x0000000040300b18                strcmp
 .text.strncmp  0x0000000040300b48       0x48 lib/libgeneric.o
                0x0000000040300b48                strncmp
 .text.strchr   0x0000000040300b90       0x2c lib/libgeneric.o
                0x0000000040300b90                strchr
 .text.strlen   0x0000000040300bbc       0x20 lib/libgeneric.o
                0x0000000040300bbc                strlen
 .text.strnlen  0x0000000040300bdc       0x28 lib/libgeneric.o
                0x0000000040300bdc                strnlen
 .text.strpbrk  0x0000000040300c04       0x38 lib/libgeneric.o
                0x0000000040300c04                strpbrk
 .text.memset   0x0000000040300c3c       0x74 lib/libgeneric.o
                0x0000000040300c3c                memset
 .text.memcpy   0x0000000040300cb0       0x74 lib/libgeneric.o
                0x0000000040300cb0                memcpy
 .text.memcmp   0x0000000040300d24       0x38 lib/libgeneric.o
                0x0000000040300d24                memcmp
 .text.strstr   0x0000000040300d5c       0x60 lib/libgeneric.o
                0x0000000040300d5c                strstr
 .text.strdup   0x0000000040300dbc       0x34 lib/libgeneric.o
                0x0000000040300dbc                strdup
 .text.udelay   0x0000000040300df0       0x2c lib/libgeneric.o
                0x0000000040300df0                udelay
 .text.mdelay   0x0000000040300e1c       0x24 lib/libgeneric.o
                0x0000000040300e1c                mdelay
 .text.__toupper
                0x0000000040300e40       0x1c lib/libgeneric.o
 .text.simple_strtoul
                0x0000000040300e5c       0xb8 lib/libgeneric.o
                0x0000000040300e5c                simple_strtoul
 .text.simple_strtol
                0x0000000040300f14       0x28 lib/libgeneric.o
                0x0000000040300f14                simple_strtol
 .text.skip_atoi
                0x0000000040300f3c       0x38 lib/libgeneric.o
 .text.put_dec_trunc
                0x0000000040300f74       0xc8 lib/libgeneric.o
 .text.panic    0x000000004030103c       0x44 lib/libgeneric.o
                0x000000004030103c                panic
 .text.string   0x0000000040301080       0xa8 lib/libgeneric.o
 .text.put_dec  0x0000000040301128      0x128 lib/libgeneric.o
 .text.number   0x0000000040301250      0x244 lib/libgeneric.o
 .text.vsprintf
                0x0000000040301494      0x650 lib/libgeneric.o
                0x0000000040301494                vsprintf
 .text.sprintf  0x0000000040301ae4       0x24 lib/libgeneric.o
                0x0000000040301ae4                sprintf
 .text.ArpInit  0x0000000040301b08       0x50 net/libnet.o
                0x0000000040301b08                ArpInit
 .text.ArpReceive
                0x0000000040301b58      0x21c net/libnet.o
                0x0000000040301b58                ArpReceive
 .text.arp_raw_request
                0x0000000040301d74       0xcc net/libnet.o
                0x0000000040301d74                arp_raw_request
 .text.ArpRequest
                0x0000000040301e40       0x8c net/libnet.o
                0x0000000040301e40                ArpRequest
 .text.ArpTimeoutCheck
                0x0000000040301ecc       0x80 net/libnet.o
                0x0000000040301ecc                ArpTimeoutCheck
 .text.truncate_sz
                0x0000000040301f4c       0x34 net/libnet.o
 .text.BootpRequest
                0x0000000040301f80      0x27c net/libnet.o
                0x0000000040301f80                BootpRequest
 .text.BootpHandler
                0x00000000403021fc      0x364 net/libnet.o
 .text.BootpTimeout
                0x0000000040302560       0x44 net/libnet.o
 .text.__def_eth_init
                0x00000000403025a4        0x8 net/libnet.o
                0x00000000403025a4                cpu_eth_init
 .text.eth_get_dev_index
                0x00000000403025ac       0x1c net/libnet.o
                0x00000000403025ac                eth_get_dev_index
 .text.eth_halt
                0x00000000403025c8       0x30 net/libnet.o
                0x00000000403025c8                eth_halt
 .text.eth_send
                0x00000000403025f8       0x34 net/libnet.o
                0x00000000403025f8                eth_send
 .text.eth_rx   0x000000004030262c       0x28 net/libnet.o
                0x000000004030262c                eth_rx
 .text.eth_get_name
                0x0000000040302654       0x20 net/libnet.o
                0x0000000040302654                eth_get_name
 .text.eth_current_changed
                0x0000000040302674       0x5c net/libnet.o
 .text.eth_set_current
                0x00000000403026d0       0xb4 net/libnet.o
                0x00000000403026d0                eth_set_current
 .text.eth_try_another
                0x0000000040302784       0x88 net/libnet.o
                0x0000000040302784                eth_try_another
 .text.eth_register
                0x000000004030280c       0x80 net/libnet.o
                0x000000004030280c                eth_register
 .text.eth_setenv_enetaddr
                0x000000004030288c       0x38 net/libnet.o
                0x000000004030288c                eth_setenv_enetaddr
 .text.eth_parse_enetaddr
                0x00000000403028c4       0x5c net/libnet.o
                0x00000000403028c4                eth_parse_enetaddr
 .text.eth_getenv_enetaddr
                0x0000000040302920       0x58 net/libnet.o
                0x0000000040302920                eth_getenv_enetaddr
 .text.eth_getenv_enetaddr_by_index
                0x0000000040302978       0x54 net/libnet.o
                0x0000000040302978                eth_getenv_enetaddr_by_index
 .text.eth_init
                0x00000000403029cc       0xc8 net/libnet.o
                0x00000000403029cc                eth_init
 .text.eth_write_hwaddr
                0x0000000040302a94      0x1e4 net/libnet.o
                0x0000000040302a94                eth_write_hwaddr
 .text.eth_initialize
                0x0000000040302c78      0x1c0 net/libnet.o
                0x0000000040302c78                eth_initialize
 .text.startAgainTimeout
                0x0000000040302e38       0x14 net/libnet.o
 .text.dummy_handler
                0x0000000040302e4c        0x4 net/libnet.o
 .text.net_set_udp_handler
                0x0000000040302e50       0x20 net/libnet.o
                0x0000000040302e50                net_set_udp_handler
 .text.net_get_arp_handler
                0x0000000040302e70       0x10 net/libnet.o
                0x0000000040302e70                net_get_arp_handler
 .text.net_set_arp_handler
                0x0000000040302e80       0x20 net/libnet.o
                0x0000000040302e80                net_set_arp_handler
 .text.NetCksum
                0x0000000040302ea0       0x3c net/libnet.o
                0x0000000040302ea0                NetCksum
 .text.NetCksumOk
                0x0000000040302edc       0x20 net/libnet.o
                0x0000000040302edc                NetCksumOk
 .text.copy_filename
                0x0000000040302efc       0x58 net/libnet.o
                0x0000000040302efc                copy_filename
 .text.string_to_VLAN
                0x0000000040302f54       0x48 net/libnet.o
                0x0000000040302f54                string_to_VLAN
 .text.getenv_VLAN
                0x0000000040302f9c       0x10 net/libnet.o
                0x0000000040302f9c                getenv_VLAN
 .text.NetEthHdrSize
                0x0000000040302fac       0x40 net/libnet.o
                0x0000000040302fac                NetEthHdrSize
 .text.net_set_ip_header
                0x0000000040302fec       0x88 net/libnet.o
                0x0000000040302fec                net_set_ip_header
 .text.net_set_udp_header
                0x0000000040303074       0xa8 net/libnet.o
                0x0000000040303074                net_set_udp_header
 .text.net_update_ether
                0x000000004030311c       0x80 net/libnet.o
                0x000000004030311c                net_update_ether
 .text.NetSetEther
                0x000000004030319c       0xa0 net/libnet.o
                0x000000004030319c                NetSetEther
 .text.NetReceive
                0x000000004030323c      0x290 net/libnet.o
                0x000000004030323c                NetReceive
 .text.NetSetTimeout
                0x00000000403034cc       0x4c net/libnet.o
                0x00000000403034cc                NetSetTimeout
 .text.net_clear_handlers
                0x0000000040303518       0x24 net/libnet.o
 .text.net_cleanup_loop
                0x000000004030353c        0x4 net/libnet.o
 .text.NetSendUDPPacket
                0x0000000040303540      0x104 net/libnet.o
                0x0000000040303540                NetSendUDPPacket
 .text.NetStartAgain
                0x0000000040303644      0x124 net/libnet.o
                0x0000000040303644                NetStartAgain
 .text.NetInitLoop
                0x0000000040303768       0xf0 net/libnet.o
 .text.net_init
                0x0000000040303858       0x70 net/libnet.o
                0x0000000040303858                net_init
 .text.NetLoop  0x00000000403038c8      0x2e0 net/libnet.o
                0x00000000403038c8                NetLoop
 .text.net_auto_load
                0x0000000040303ba8       0x38 net/libnet.o
                0x0000000040303ba8                net_auto_load
 .text.TftpSend
                0x0000000040303be0      0x1c0 net/libnet.o
 .text.TftpStart
                0x0000000040303da0      0x344 net/libnet.o
                0x0000000040303da0                TftpStart
 .text.TftpHandler
                0x00000000403040e4      0x39c net/libnet.o
 .text.TftpTimeout
                0x0000000040304480       0x88 net/libnet.o
 .text.raise    0x0000000040304508        0x8 /home/ruinrobo/work/u-boot/u-boot/am335x/spl/arch/arm/lib/eabi_compat.o
                0x0000000040304508                raise
 .text          0x0000000040304510      0x278 /usr/lib/gcc/arm-linux-gnueabihf/4.4.7/libgcc.a(_udivsi3.o)
                0x0000000040304510                __udivsi3
                0x0000000040304510                __aeabi_uidiv
                0x000000004030476c                __aeabi_uidivmod
 .text          0x0000000040304788      0x2b0 /usr/lib/gcc/arm-linux-gnueabihf/4.4.7/libgcc.a(_divsi3.o)
                0x0000000040304788                __aeabi_idiv
                0x0000000040304788                __divsi3
                0x0000000040304a1c                __aeabi_idivmod
 .text          0x0000000040304a38       0x18 /usr/lib/gcc/arm-linux-gnueabihf/4.4.7/libgcc.a(_lshrdi3.o)
                0x0000000040304a38                __aeabi_llsr
                0x0000000040304a38                __lshrdi3
 .text          0x0000000040304a50       0x18 /usr/lib/gcc/arm-linux-gnueabihf/4.4.7/libgcc.a(_ashldi3.o)
                0x0000000040304a50                __ashldi3
                0x0000000040304a50                __aeabi_llsl
 .text          0x0000000040304a68        0xc /usr/lib/gcc/arm-linux-gnueabihf/4.4.7/libgcc.a(_dvmd_lnx.o)
                0x0000000040304a68                __aeabi_ldiv0
                0x0000000040304a68                __aeabi_idiv0

.glue_7         0x0000000040304a74        0x0
 .glue_7        0x0000000000000000        0x0 linker stubs

.glue_7t        0x0000000040304a74        0x0
 .glue_7t       0x0000000000000000        0x0 linker stubs

.vfp11_veneer   0x0000000040304a74        0x0
 .vfp11_veneer  0x0000000000000000        0x0 linker stubs

.v4_bx          0x0000000040304a74        0x0
 .v4_bx         0x0000000000000000        0x0 linker stubs

.iplt           0x0000000040304a74        0x0
 .iplt          0x0000000000000000        0x0 arch/arm/cpu/armv7/start.o
                0x0000000040304a74                . = ALIGN (0x4)

.rodata         0x0000000040304a74     0x41f5
 *(SORT(.rodata*))
 .rodata.gpmc_m_nand
                0x0000000040304a74       0x1c arch/arm/cpu/armv7/am33xx/libam33xx.o
 .rodata.ddr_data_reg
                0x0000000040304a90        0x8 arch/arm/cpu/armv7/am33xx/libam33xx.o
 .rodata.ddr_cmd_reg
                0x0000000040304a98        0x8 arch/arm/cpu/armv7/am33xx/libam33xx.o
 .rodata.emif_reg
                0x0000000040304aa0        0x8 arch/arm/cpu/armv7/am33xx/libam33xx.o
 .rodata.vtpreg
                0x0000000040304aa8        0x8 arch/arm/cpu/armv7/am33xx/libam33xx.o
 .rodata.gpio_bank_am33xx
                0x0000000040304ab0       0x20 arch/arm/cpu/armv7/am33xx/libam33xx.o
 .rodata.omap_gpio_bank
                0x0000000040304ad0        0x4 arch/arm/cpu/armv7/am33xx/libam33xx.o
                0x0000000040304ad0                omap_gpio_bank
 .rodata.__func__.3816
                0x0000000040304ad4       0x18 arch/arm/cpu/armv7/libarmv7.o
 .rodata.ddr3_evm_cmd_ctrl_data
                0x0000000040304aec       0x3c board/ti/am335x/libam335x.o
 .rodata.ddr3_beagleblack_data
                0x0000000040304b28       0x20 board/ti/am335x/libam335x.o
 .rodata.ddr2_data
                0x0000000040304b48       0x20 board/ti/am335x/libam335x.o
 .rodata.ddr3_beagleblack_cmd_ctrl_data
                0x0000000040304b68       0x3c board/ti/am335x/libam335x.o
 .rodata.ddr2_emif_reg_data
                0x0000000040304ba4       0x58 board/ti/am335x/libam335x.o
 .rodata.ddr2_cmd_ctrl_data
                0x0000000040304bfc       0x3c board/ti/am335x/libam335x.o
 .rodata.ddr3_evm_data
                0x0000000040304c38       0x20 board/ti/am335x/libam335x.o
 .rodata.ddr3_data
                0x0000000040304c58       0x20 board/ti/am335x/libam335x.o
 .rodata.ddr3_cmd_ctrl_data
                0x0000000040304c78       0x3c board/ti/am335x/libam335x.o
 .rodata.delims.3822
                0x0000000040304cb4        0x4 common/libcommon.o
 .rodata.default_environment
                0x0000000040304cb8      0x1a8 common/libcommon.o
                0x0000000040304cb8                default_environment
 .rodata.__func__.3946
                0x0000000040304e60       0x10 common/libcommon.o
 .rodata.env_flags_varaccess_rep
                0x0000000040304e70        0x8 common/libcommon.o
 .rodata.env_flags_varaccess_mask
                0x0000000040304e78       0x10 common/libcommon.o
 .rodata.env_flags_vartype_rep
                0x0000000040304e88        0x8 common/libcommon.o
 .rodata.CSWTCH.60
                0x0000000040304e90       0x20 common/libcommon.o
 .rodata.ext_csd_bits.4868
                0x0000000040304eb0        0xc drivers/mmc/libmmc.o
 .rodata.ext_to_hostcaps.4869
                0x0000000040304ebc        0xc drivers/mmc/libmmc.o
 .rodata.widths.4870
                0x0000000040304ec8        0xc drivers/mmc/libmmc.o
 .rodata.multipliers
                0x0000000040304ed4       0x40 drivers/mmc/libmmc.o
 .rodata.fbase  0x0000000040304f14       0x10 drivers/mmc/libmmc.o
 .rodata.__func__.4789
                0x0000000040304f24       0x1c drivers/mmc/libmmc.o
 .rodata.__func__.5125
                0x0000000040304f40        0xc drivers/mmc/libmmc.o
 .rodata.__func__.4692
                0x0000000040304f4c       0x10 drivers/mmc/libmmc.o
 .rodata.__func__.4642
                0x0000000040304f5c       0x10 drivers/mmc/libmmc.o
 .rodata.__func__.5034
                0x0000000040304f6c       0x10 drivers/mmc/libmmc.o
 .rodata.__func__.4973
                0x0000000040304f7c       0x10 drivers/mmc/libmmc.o
 .rodata.__func__.4814
                0x0000000040304f8c       0x10 drivers/mmc/libmmc.o
 .rodata.nand_ecc_pos
                0x0000000040304f9c       0xe0 drivers/mtd/nand/libnand.o
 .rodata.CSWTCH.83
                0x000000004030507c        0x4 drivers/mtd/nand/libnand.o
 .rodata.flashes
                0x0000000040305080       0x10 drivers/mtd/spi/libspi_flash.o
 .rodata.stmicro_spi_flash_table
                0x0000000040305090       0xf0 drivers/mtd/spi/libspi_flash.o
 .rodata.serial_ports
                0x0000000040305180       0x18 drivers/serial/libserial.o
 .rodata.CSWTCH.112
                0x0000000040305198        0x8 drivers/usb/musb-new/libusb_musb-new.o
 .rodata.musb_driver_name
                0x00000000403051a0        0xc drivers/usb/musb-new/libusb_musb-new.o
                0x00000000403051a0                musb_driver_name
 .rodata.musb_test_packet
                0x00000000403051ac       0x38 drivers/usb/musb-new/libusb_musb-new.o
 .rodata.__FUNCTION__.6491
                0x00000000403051e4       0x14 drivers/usb/musb-new/libusb_musb-new.o
 .rodata.ti81xx_driver_data
                0x00000000403051f8       0x48 drivers/usb/musb-new/libusb_musb-new.o
 .rodata.musb_ep_ops
                0x0000000040305240       0x24 drivers/usb/musb-new/libusb_musb-new.o
 .rodata.musb_gadget_operations
                0x0000000040305264       0x1c drivers/usb/musb-new/libusb_musb-new.o
 .rodata.__func__.6376
                0x0000000040305280       0x10 drivers/usb/musb-new/libusb_musb-new.o
 .rodata.CSWTCH.101
                0x0000000040305290       0x1c drivers/usb/musb-new/libusb_musb-new.o
 .rodata.musb_g_ep0_ops
                0x00000000403052ac       0x24 drivers/usb/musb-new/libusb_musb-new.o
                0x00000000403052ac                musb_g_ep0_ops
 .rodata.__func__.6940
                0x00000000403052d0       0x10 drivers/usb/musb-new/libusb_musb-new.o
 .rodata.__func__.6331
                0x00000000403052e0       0x10 drivers/usb/musb-new/libusb_musb-new.o
 .rodata.__func__.6672
                0x00000000403052f0       0x10 drivers/usb/musb-new/libusb_musb-new.o
 .rodata.__func__.6618
                0x0000000040305300       0x14 drivers/usb/musb-new/libusb_musb-new.o
 .rodata.__func__.6437
                0x0000000040305314       0x10 drivers/usb/musb-new/libusb_musb-new.o
 .rodata.crc16_tab
                0x0000000040305324      0x200 lib/libgeneric.o
 .rodata._ctype
                0x0000000040305524      0x100 lib/libgeneric.o
                0x0000000040305524                _ctype
 .rodata.names.3811
                0x0000000040305624        0x8 lib/libgeneric.o
 .rodata.hex_asc
                0x000000004030562c       0x14 lib/libgeneric.o
 .rodata.digits.4031
                0x0000000040305640       0x10 lib/libgeneric.o
 .rodata.str1.1
                0x0000000040305650       0x65 arch/arm/cpu/armv7/libarmv7.o
 .rodata.str1.1
                0x00000000403056b5      0x2ce arch/arm/lib/libarm.o
                                        0x2e5 (size before relaxing)
 .rodata.str1.1
                0x0000000040305983      0x1af board/ti/am335x/libam335x.o
                                        0x1d1 (size before relaxing)
 .rodata        0x0000000040305b32        0x3 common/libcommon.o
 .rodata.str1.1
                0x0000000040305b35      0xfbc common/libcommon.o
                                       0x1012 (size before relaxing)
 .rodata.str1.1
                0x0000000040306af1      0x26a common/spl/libspl.o
                                        0x271 (size before relaxing)
 .rodata.str1.1
                0x0000000040306d5b      0x40b disk/libdisk.o
                                        0x436 (size before relaxing)
 .rodata.str1.1
                0x0000000040307166       0x57 drivers/gpio/libgpio.o
 .rodata.str1.1
                0x00000000403071bd      0x44c drivers/i2c/libi2c.o
 .rodata.str1.1
                0x0000000040307609      0x2e8 drivers/mmc/libmmc.o
                                        0x2f0 (size before relaxing)
 .rodata.str1.1
                0x00000000403078f1       0x9d drivers/mtd/nand/libnand.o
                                         0xbf (size before relaxing)
 .rodata.str1.1
                0x000000004030798e      0x14c drivers/mtd/spi/libspi_flash.o
                                        0x14f (size before relaxing)
 .rodata.str1.1
                0x0000000040307ada       0xa0 drivers/net/libnet.o
 .rodata.str1.1
                0x0000000040307b7a      0x13b drivers/net/phy/libphy.o
                                        0x13d (size before relaxing)
 .rodata.str1.1
                0x0000000040307cb5       0x15 drivers/serial/libserial.o
 .rodata.str1.1
                0x0000000040307cca      0x145 drivers/spi/libspi.o
 .rodata.str1.1
                0x0000000040307e0f      0x39b drivers/usb/musb-new/libusb_musb-new.o
                                        0x3d2 (size before relaxing)
 .rodata.str1.1
                0x00000000403081aa      0x299 fs/fat/libfat.o
                                        0x2c4 (size before relaxing)
 .rodata.str1.1
                0x0000000040308443      0x131 lib/libgeneric.o
                                        0x133 (size before relaxing)
 .rodata        0x0000000040308574        0xe net/libnet.o
 .rodata.str1.1
                0x0000000040308582      0x6e7 net/libnet.o
                                        0x846 (size before relaxing)

.rel.dyn        0x0000000040308c6c        0x0
 .rel.iplt      0x0000000000000000        0x0 arch/arm/cpu/armv7/start.o
                0x0000000040308c6c                . = ALIGN (0x4)

.data           0x0000000040308c70      0xfa6
 *(SORT(.data*))
 .data          0x0000000040308c70       0xa8 arch/arm/lib/libarm.o
                0x0000000040308c70                gdata
 .data.cstat    0x0000000040308d18        0x4 arch/arm/cpu/armv7/am33xx/libam33xx.o
                0x0000000040308d18                cstat
 .data.musb_config
                0x0000000040308d1c       0x18 arch/arm/cpu/armv7/am33xx/libam33xx.o
 .data.otg1_board_data
                0x0000000040308d34       0x10 arch/arm/cpu/armv7/am33xx/libam33xx.o
                0x0000000040308d34                otg1_board_data
 .data.otg1_plat
                0x0000000040308d44       0x20 arch/arm/cpu/armv7/am33xx/libam33xx.o
 .data.otg0_board_data
                0x0000000040308d64       0x10 arch/arm/cpu/armv7/am33xx/libam33xx.o
                0x0000000040308d64                otg0_board_data
 .data.otg0_plat
                0x0000000040308d74       0x20 arch/arm/cpu/armv7/am33xx/libam33xx.o
 .data.cmdpll   0x0000000040308d94        0x4 arch/arm/cpu/armv7/am33xx/libam33xx.o
                0x0000000040308d94                cmdpll
 .data.cmrtc    0x0000000040308d98        0x4 arch/arm/cpu/armv7/am33xx/libam33xx.o
                0x0000000040308d98                cmrtc
 .data.cmwkup   0x0000000040308d9c        0x4 arch/arm/cpu/armv7/am33xx/libam33xx.o
                0x0000000040308d9c                cmwkup
 .data.cmper    0x0000000040308da0        0x4 arch/arm/cpu/armv7/am33xx/libam33xx.o
                0x0000000040308da0                cmper
 .data          0x0000000040308da4       0x50 board/ti/am335x/libam335x.o
 .data.spi0_pin_mux
                0x0000000040308df4       0x28 board/ti/am335x/libam335x.o
 .data.nand_pin_mux
                0x0000000040308e1c       0x80 board/ti/am335x/libam335x.o
 .data.mmc1_pin_mux
                0x0000000040308e9c       0x48 board/ti/am335x/libam335x.o
 .data.mii1_pin_mux
                0x0000000040308ee4       0x80 board/ti/am335x/libam335x.o
 .data.i2c0_pin_mux
                0x0000000040308f64       0x18 board/ti/am335x/libam335x.o
 .data.gpio0_7_pin_mux
                0x0000000040308f7c       0x10 board/ti/am335x/libam335x.o
 .data.mmc0_pin_mux_sk_evm
                0x0000000040308f8c       0x40 board/ti/am335x/libam335x.o
 .data.rgmii1_pin_mux
                0x0000000040308fcc       0x78 board/ti/am335x/libam335x.o
 .data.mmc0_no_cd_pin_mux
                0x0000000040309044       0x40 board/ti/am335x/libam335x.o
 .data.i2c1_pin_mux
                0x0000000040309084       0x18 board/ti/am335x/libam335x.o
 .data.mmc0_pin_mux
                0x000000004030909c       0x48 board/ti/am335x/libam335x.o
 .data.uart0_pin_mux
                0x00000000403090e4       0x18 board/ti/am335x/libam335x.o
 .data.cpsw_slaves
                0x00000000403090fc       0x20 board/ti/am335x/libam335x.o
 .data.cpsw_data
                0x000000004030911c       0x3c board/ti/am335x/libam335x.o
 .data.ddr3_emif_reg_data
                0x0000000040309158       0x58 board/ti/am335x/libam335x.o
 .data.ddr3_evm_emif_reg_data
                0x00000000403091b0       0x58 board/ti/am335x/libam335x.o
 .data.ddr3_beagleblack_emif_reg_data
                0x0000000040309208       0x58 board/ti/am335x/libam335x.o
 .data.env_id   0x0000000040309260        0x4 common/libcommon.o
 .data.av_      0x0000000040309264      0x408 common/libcommon.o
 .data.sbrk_base
                0x000000004030966c        0x4 common/libcommon.o
 .data.trim_threshold
                0x0000000040309670        0x4 common/libcommon.o
 .data.env_htab
                0x0000000040309674       0x10 common/libcommon.o
                0x0000000040309674                env_htab
 .data.load_addr
                0x0000000040309684        0x4 common/libcommon.o
                0x0000000040309684                load_addr
 .data          0x0000000040309688       0x20 common/spl/libspl.o
 .data          0x00000000403096a8       0x14 drivers/i2c/libi2c.o
 .data.cur_dev_num
                0x00000000403096bc        0x4 drivers/mmc/libmmc.o
 .data.hw_bch8_nand_oob
                0x00000000403096c0      0x248 drivers/mtd/nand/libnand.o
 .data.bch_priv
                0x0000000040309908        0x8 drivers/mtd/nand/libnand.o
 .data.phy_drivers
                0x0000000040309910        0x8 drivers/net/phy/libphy.o
 .data.genphy_driver
                0x0000000040309918       0x2c drivers/net/phy/libphy.o
 .data.lan8700_driver
                0x0000000040309944       0x2c drivers/net/phy/libphy.o
 .data.lan8710_driver
                0x0000000040309970       0x2c drivers/net/phy/libphy.o
 .data.lan911x_driver
                0x000000004030999c       0x2c drivers/net/phy/libphy.o
 .data.eserial1_device
                0x00000000403099c8       0x30 drivers/serial/libserial.o
                0x00000000403099c8                eserial1_device
 .data.mode_3_cfg
                0x00000000403099f8       0x24 drivers/usb/musb-new/libusb_musb-new.o
 .data.mode_4_cfg
                0x0000000040309a1c       0xa4 drivers/usb/musb-new/libusb_musb-new.o
 .data.mode_5_cfg
                0x0000000040309ac0       0xa4 drivers/usb/musb-new/libusb_musb-new.o
 .data.mode_0_cfg
                0x0000000040309b64       0x20 drivers/usb/musb-new/libusb_musb-new.o
 .data.ep0_cfg  0x0000000040309b84        0x8 drivers/usb/musb-new/libusb_musb-new.o
 .data.mode_1_cfg
                0x0000000040309b8c       0x20 drivers/usb/musb-new/libusb_musb-new.o
 .data.mode_2_cfg
                0x0000000040309bac       0x24 drivers/usb/musb-new/libusb_musb-new.o
 .data.musb_dsps_ops
                0x0000000040309bd0       0x24 drivers/usb/musb-new/libusb_musb-new.o
                0x0000000040309bd0                musb_dsps_ops
 .data.first_call.3973
                0x0000000040309bf4        0x4 net/libnet.o
 .data.NetBcastAddr
                0x0000000040309bf8        0x8 net/libnet.o
                0x0000000040309bf8                NetBcastAddr
 .data.TftpTimeoutCountMax
                0x0000000040309c00        0x4 net/libnet.o
 .data.TftpTimeoutMSecs
                0x0000000040309c04        0x4 net/libnet.o
 .data.TftpRRQTimeoutCountMax
                0x0000000040309c08        0x4 net/libnet.o
                0x0000000040309c08                TftpRRQTimeoutCountMax
 .data.fifo_mode
                0x0000000040309c0c        0x2 drivers/usb/musb-new/libusb_musb-new.o
 .data.NetOurNativeVLAN
                0x0000000040309c0e        0x2 net/libnet.o
                0x0000000040309c0e                NetOurNativeVLAN
 .data.NetOurVLAN
                0x0000000040309c10        0x2 net/libnet.o
                0x0000000040309c10                NetOurVLAN
 .data.TftpBlkSizeOption
                0x0000000040309c12        0x2 net/libnet.o
 .data.TftpBlkSize
                0x0000000040309c14        0x2 net/libnet.o

.igot.plt       0x0000000040309c18        0x0
 .igot.plt      0x0000000000000000        0x0 arch/arm/cpu/armv7/start.o

.u_boot_list    0x0000000040309c18        0x0
 *(SORT(.u_boot_list*))
 .u_boot_list_2_env_clbk_1
                0x0000000040309c18        0x0 common/libcommon.o
 .u_boot_list_2_env_clbk_3
                0x0000000040309c18        0x0 common/libcommon.o
                0x0000000040309c18                . = ALIGN (0x4)
                0x0000000040309c18                __image_copy_end = .
                0x0000000040309c18                _end = .

.bss            0x0000000080a00000    0x33300
                0x0000000080a00000                . = ALIGN (0x4)
                0x0000000080a00000                __bss_start = .
 *(.bss*)
 .bss.gpmc_cfg  0x0000000080a00000        0x4 arch/arm/cpu/armv7/am33xx/libam33xx.o
                0x0000000080a00000                gpmc_cfg
 .bss.elm_cfg   0x0000000080a00004        0x4 arch/arm/cpu/armv7/am33xx/libam33xx.o
                0x0000000080a00004                elm_cfg
 .bss.ctrlc_was_pressed
                0x0000000080a00008        0x4 common/libcommon.o
 .bss.ctrlc_disabled
                0x0000000080a0000c        0x4 common/libcommon.o
 .bss.mem_malloc_brk
                0x0000000080a00010        0x4 common/libcommon.o
                0x0000000080a00010                mem_malloc_brk
 .bss.max_total_mem
                0x0000000080a00014        0x4 common/libcommon.o
 .bss.max_sbrked_mem
                0x0000000080a00018        0x4 common/libcommon.o
 .bss.current_mallinfo
                0x0000000080a0001c       0x28 common/libcommon.o
 .bss.mem_malloc_end
                0x0000000080a00044        0x4 common/libcommon.o
                0x0000000080a00044                mem_malloc_end
 .bss.top_pad   0x0000000080a00048        0x4 common/libcommon.o
 .bss.mem_malloc_start
                0x0000000080a0004c        0x4 common/libcommon.o
                0x0000000080a0004c                mem_malloc_start
 .bss.current_mii
                0x0000000080a00050        0x4 common/libcommon.o
 .bss.mii_devs  0x0000000080a00054        0x8 common/libcommon.o
 .bss.stdio_devices
                0x0000000080a0005c        0xc common/libcommon.o
                0x0000000080a0005c                stdio_devices
 .bss.xyz       0x0000000080a00068      0x434 common/libcommon.o
 .bss.spl_image
                0x0000000080a0049c       0x18 common/spl/libspl.o
                0x0000000080a0049c                spl_image
 .bss.mmc_devices
                0x0000000080a004b4        0x8 drivers/mmc/libmmc.o
 .bss.hsmmc_dev_data
                0x0000000080a004bc       0x24 drivers/mmc/libmmc.o
 .bss.hsmmc_dev
                0x0000000080a004e0      0x450 drivers/mmc/libmmc.o
 .bss.mtd       0x0000000080a00930       0xb0 drivers/mtd/nand/libnand.o
 .bss.nand_chip
                0x0000000080a009e0      0x120 drivers/mtd/nand/libnand.o
 .bss.cs        0x0000000080a00b00        0x1 drivers/mtd/nand/libnand.o
 *fill*         0x0000000080a00b01        0x3 00
 .bss.mdio_regs
                0x0000000080a00b04        0x4 drivers/net/libnet.o
 .bss.serial_current
                0x0000000080a00b08        0x4 drivers/serial/libserial.o
 .bss.host      0x0000000080a00b0c        0x4 drivers/usb/musb-new/libusb_musb-new.o
 .bss.gadget    0x0000000080a00b10        0x4 drivers/usb/musb-new/libusb_musb-new.o
 *fill*         0x0000000080a00b14       0x2c 00
 .bss.get_contents_vfatname_block
                0x0000000080a00b40    0x10000 fs/fat/libfat.o
                0x0000000080a00b40                get_contents_vfatname_block
 .bss.do_fat_read_at_block
                0x0000000080a10b40    0x10000 fs/fat/libfat.o
                0x0000000080a10b40                do_fat_read_at_block
 .bss.cur_part_info
                0x0000000080a20b40       0x50 fs/fat/libfat.o
 *fill*         0x0000000080a20b90       0x30 00
 .bss.get_dentfromdir_block
                0x0000000080a20bc0    0x10000 fs/fat/libfat.o
                0x0000000080a20bc0                get_dentfromdir_block
 .bss.cur_dev   0x0000000080a30bc0        0x4 fs/fat/libfat.o
 .bss.errno     0x0000000080a30bc4        0x4 lib/libgeneric.o
                0x0000000080a30bc4                errno
 .bss.NetArpWaitPacketIP
                0x0000000080a30bc8        0x4 net/libnet.o
                0x0000000080a30bc8                NetArpWaitPacketIP
 .bss.NetArpWaitTimerStart
                0x0000000080a30bcc        0x4 net/libnet.o
                0x0000000080a30bcc                NetArpWaitTimerStart
 .bss.NetArpWaitReplyIP
                0x0000000080a30bd0        0x4 net/libnet.o
 .bss.NetArpWaitTxPacketSize
                0x0000000080a30bd4        0x4 net/libnet.o
                0x0000000080a30bd4                NetArpWaitTxPacketSize
 .bss.NetArpWaitTry
                0x0000000080a30bd8        0x4 net/libnet.o
                0x0000000080a30bd8                NetArpWaitTry
 .bss.NetArpTxPacket
                0x0000000080a30bdc        0x4 net/libnet.o
 .bss.NetArpPacketBuf
                0x0000000080a30be0      0x640 net/libnet.o
 .bss.NetArpWaitPacketMAC
                0x0000000080a31220        0x4 net/libnet.o
                0x0000000080a31220                NetArpWaitPacketMAC
 .bss.BootpTry  0x0000000080a31224        0x4 net/libnet.o
                0x0000000080a31224                BootpTry
 .bss.BootpID   0x0000000080a31228        0x4 net/libnet.o
                0x0000000080a31228                BootpID
 .bss.index.4531
                0x0000000080a3122c        0x4 net/libnet.o
 .bss.eth_current
                0x0000000080a31230        0x4 net/libnet.o
                0x0000000080a31230                eth_current
 .bss.eth_devices
                0x0000000080a31234        0x4 net/libnet.o
 .bss.first_failed.4678
                0x0000000080a31238        0x4 net/libnet.o
 .bss.act.4698  0x0000000080a3123c        0x4 net/libnet.o
 .bss.env_changed_id.4699
                0x0000000080a31240        0x4 net/libnet.o
 .bss.NetOurEther
                0x0000000080a31244        0x8 net/libnet.o
                0x0000000080a31244                NetOurEther
 .bss.NetServerIP
                0x0000000080a3124c        0x4 net/libnet.o
                0x0000000080a3124c                NetServerIP
 .bss.NetRestarted
                0x0000000080a31250        0x4 net/libnet.o
 .bss.net_state
                0x0000000080a31254        0x4 net/libnet.o
                0x0000000080a31254                net_state
 .bss.NetBootFileSize
                0x0000000080a31258        0x2 net/libnet.o
                0x0000000080a31258                NetBootFileSize
 *fill*         0x0000000080a3125a        0x2 00
 .bss.NetEtherNullAddr
                0x0000000080a3125c        0x8 net/libnet.o
                0x0000000080a3125c                NetEtherNullAddr
 .bss.NetRxPacket
                0x0000000080a31264        0x4 net/libnet.o
                0x0000000080a31264                NetRxPacket
 .bss.udp_packet_handler
                0x0000000080a31268        0x4 net/libnet.o
 .bss.NetRxPackets
                0x0000000080a3126c       0x10 net/libnet.o
                0x0000000080a3126c                NetRxPackets
 .bss.NetDevExists
                0x0000000080a3127c        0x4 net/libnet.o
 .bss.timeStart
                0x0000000080a31280        0x4 net/libnet.o
 .bss.timeHandler
                0x0000000080a31284        0x4 net/libnet.o
 .bss.NetTryCount
                0x0000000080a31288        0x4 net/libnet.o
 .bss.NetOurDNSIP
                0x0000000080a3128c        0x4 net/libnet.o
                0x0000000080a3128c                NetOurDNSIP
 .bss.NetOurSubnetMask
                0x0000000080a31290        0x4 net/libnet.o
                0x0000000080a31290                NetOurSubnetMask
 .bss.NetOurDNS2IP
                0x0000000080a31294        0x4 net/libnet.o
                0x0000000080a31294                NetOurDNS2IP
 .bss.NetTxPacket
                0x0000000080a31298        0x4 net/libnet.o
                0x0000000080a31298                NetTxPacket
 .bss.env_changed_id.3947
                0x0000000080a3129c        0x4 net/libnet.o
 .bss.NetOurIP  0x0000000080a312a0        0x4 net/libnet.o
                0x0000000080a312a0                NetOurIP
 .bss.NetOurNISDomain
                0x0000000080a312a4       0x20 net/libnet.o
                0x0000000080a312a4                NetOurNISDomain
 .bss.NetIPID   0x0000000080a312c4        0x4 net/libnet.o
                0x0000000080a312c4                NetIPID
 .bss.BootFile  0x0000000080a312c8       0x80 net/libnet.o
                0x0000000080a312c8                BootFile
 .bss.NetOurGatewayIP
                0x0000000080a31348        0x4 net/libnet.o
                0x0000000080a31348                NetOurGatewayIP
 .bss.arp_packet_handler
                0x0000000080a3134c        0x4 net/libnet.o
 .bss.NetOurHostName
                0x0000000080a31350       0x20 net/libnet.o
                0x0000000080a31350                NetOurHostName
 .bss.NetRestartWrap
                0x0000000080a31370        0x4 net/libnet.o
                0x0000000080a31370                NetRestartWrap
 .bss.NetRxPacketLen
                0x0000000080a31374        0x4 net/libnet.o
                0x0000000080a31374                NetRxPacketLen
 .bss.PktBuf    0x0000000080a31378     0x1e40 net/libnet.o
 .bss.timeDelta
                0x0000000080a331b8        0x4 net/libnet.o
 .bss.NetServerEther
                0x0000000080a331bc        0x8 net/libnet.o
                0x0000000080a331bc                NetServerEther
 .bss.NetOurRootPath
                0x0000000080a331c4       0x40 net/libnet.o
                0x0000000080a331c4                NetOurRootPath
 .bss.NetBootFileXferSize
                0x0000000080a33204        0x4 net/libnet.o
                0x0000000080a33204                NetBootFileXferSize
 .bss.default_filename
                0x0000000080a33208       0x50 net/libnet.o
 .bss.TftpLastBlock
                0x0000000080a33258        0x4 net/libnet.o
 .bss.time_start
                0x0000000080a3325c        0x4 net/libnet.o
 .bss.TftpBlock
                0x0000000080a33260        0x4 net/libnet.o
 .bss.TftpOurPort
                0x0000000080a33264        0x4 net/libnet.o
 .bss.TftpBlockWrap
                0x0000000080a33268        0x4 net/libnet.o
 .bss.TftpRemoteIP
                0x0000000080a3326c        0x4 net/libnet.o
 .bss.TftpState
                0x0000000080a33270        0x4 net/libnet.o
 .bss.TftpRemotePort
                0x0000000080a33274        0x4 net/libnet.o
 .bss.tftp_filename
                0x0000000080a33278       0x80 net/libnet.o
 .bss.TftpTimeoutCount
                0x0000000080a332f8        0x4 net/libnet.o
 .bss.TftpBlockWrapOffset
                0x0000000080a332fc        0x4 net/libnet.o
                0x0000000080a33300                . = ALIGN (0x4)
                0x0000000080a33300                __bss_end = .
Address of section .text set to 0x402f0400
LOAD arch/arm/cpu/armv7/start.o
START GROUP
LOAD arch/arm/cpu/armv7/am33xx/libam33xx.o
LOAD arch/arm/cpu/armv7/libarmv7.o
LOAD arch/arm/cpu/armv7/omap-common/libomap-common.o
LOAD arch/arm/lib/libarm.o
LOAD board/ti/am335x/libam335x.o
LOAD common/libcommon.o
LOAD common/spl/libspl.o
LOAD disk/libdisk.o
LOAD drivers/gpio/libgpio.o
LOAD drivers/i2c/libi2c.o
LOAD drivers/mmc/libmmc.o
LOAD drivers/mtd/nand/libnand.o
LOAD drivers/mtd/spi/libspi_flash.o
LOAD drivers/net/libnet.o
LOAD drivers/net/phy/libphy.o
LOAD drivers/serial/libserial.o
LOAD drivers/spi/libspi.o
LOAD drivers/usb/musb-new/libusb_musb-new.o
LOAD fs/fat/libfat.o
LOAD lib/libgeneric.o
LOAD net/libnet.o
END GROUP
LOAD /home/ruinrobo/work/u-boot/u-boot/am335x/spl/arch/arm/lib/eabi_compat.o
LOAD /usr/lib/gcc/arm-linux-gnueabihf/4.4.7/libgcc.a
OUTPUT(u-boot-spl elf32-littlearm)

.ARM.attributes
                0x0000000000000000       0x2d
 .ARM.attributes
                0x0000000000000000       0x21 arch/arm/cpu/armv7/start.o
 .ARM.attributes
                0x0000000000000021       0x2f arch/arm/cpu/armv7/am33xx/libam33xx.o
 .ARM.attributes
                0x0000000000000050       0x2f arch/arm/cpu/armv7/libarmv7.o
 .ARM.attributes
                0x000000000000007f       0x2d arch/arm/cpu/armv7/omap-common/libomap-common.o
 .ARM.attributes
                0x00000000000000ac       0x2d arch/arm/lib/libarm.o
 .ARM.attributes
                0x00000000000000d9       0x2f board/ti/am335x/libam335x.o
 .ARM.attributes
                0x0000000000000108       0x2f common/libcommon.o
 .ARM.attributes
                0x0000000000000137       0x2f common/spl/libspl.o
 .ARM.attributes
                0x0000000000000166       0x2f disk/libdisk.o
 .ARM.attributes
                0x0000000000000195       0x2f drivers/gpio/libgpio.o
 .ARM.attributes
                0x00000000000001c4       0x2f drivers/i2c/libi2c.o
 .ARM.attributes
                0x00000000000001f3       0x2f drivers/mmc/libmmc.o
 .ARM.attributes
                0x0000000000000222       0x2f drivers/mtd/nand/libnand.o
 .ARM.attributes