Archive member included because of file (symbol)

/usr/lib/gcc/arm-linux-gnueabihf/4.4.7/libgcc.a(_udivsi3.o)
                              arch/arm/cpu/armv7/omap-common/libomap-common.o (__aeabi_uidiv)
/usr/lib/gcc/arm-linux-gnueabihf/4.4.7/libgcc.a(_divsi3.o)
                              common/libcommon.o (__aeabi_idiv)
/usr/lib/gcc/arm-linux-gnueabihf/4.4.7/libgcc.a(_lshrdi3.o)
                              common/libcommon.o (__aeabi_llsr)
/usr/lib/gcc/arm-linux-gnueabihf/4.4.7/libgcc.a(_ashrdi3.o)
                              drivers/mtd/nand/libnand.o (__aeabi_lasr)
/usr/lib/gcc/arm-linux-gnueabihf/4.4.7/libgcc.a(_ashldi3.o)
                              drivers/mmc/libmmc.o (__aeabi_llsl)
/usr/lib/gcc/arm-linux-gnueabihf/4.4.7/libgcc.a(_dvmd_lnx.o)
                              /usr/lib/gcc/arm-linux-gnueabihf/4.4.7/libgcc.a(_udivsi3.o) (__aeabi_idiv0)

Discarded input sections

 .data          0x0000000000000000        0x0 arch/arm/cpu/armv7/start.o
 .bss           0x0000000000000000        0x0 arch/arm/cpu/armv7/start.o
 .text          0x0000000000000000        0x0 arch/arm/cpu/armv7/am33xx/libam33xx.o
 .text.get_cpu_rev
                0x0000000000000000       0x14 arch/arm/cpu/armv7/am33xx/libam33xx.o
 .text.get_cpu_type
                0x0000000000000000       0x14 arch/arm/cpu/armv7/am33xx/libam33xx.o
 .text.get_board_rev
                0x0000000000000000        0x8 arch/arm/cpu/armv7/am33xx/libam33xx.o
 .text.get_device_type
                0x0000000000000000       0x18 arch/arm/cpu/armv7/am33xx/libam33xx.o
 .text.get_sysboot_value
                0x0000000000000000       0x18 arch/arm/cpu/armv7/am33xx/libam33xx.o
 .text.config_sdram
                0x0000000000000000       0x78 arch/arm/cpu/armv7/am33xx/libam33xx.o
 .text.set_sdram_timings
                0x0000000000000000       0x40 arch/arm/cpu/armv7/am33xx/libam33xx.o
 .text.config_ddr_phy
                0x0000000000000000       0x20 arch/arm/cpu/armv7/am33xx/libam33xx.o
 .text.config_cmd_ctrl
                0x0000000000000000       0x58 arch/arm/cpu/armv7/am33xx/libam33xx.o
 .text.config_ddr_data
                0x0000000000000000       0x64 arch/arm/cpu/armv7/am33xx/libam33xx.o
 .text.config_io_ctrl
                0x0000000000000000       0x30 arch/arm/cpu/armv7/am33xx/libam33xx.o
 .text.setup_clocks_for_console
                0x0000000000000000        0x4 arch/arm/cpu/armv7/am33xx/libam33xx.o
 .text.configure_module_pin_mux
                0x0000000000000000       0x38 arch/arm/cpu/armv7/am33xx/libam33xx.o
 .text.mpu_pll_config_val
                0x0000000000000000       0x90 arch/arm/cpu/armv7/am33xx/libam33xx.o
 .text.ddr_pll_config
                0x0000000000000000       0x94 arch/arm/cpu/armv7/am33xx/libam33xx.o
 .text.enable_emif_clocks
                0x0000000000000000       0x34 arch/arm/cpu/armv7/am33xx/libam33xx.o
 .text.pll_init
                0x0000000000000000      0x454 arch/arm/cpu/armv7/am33xx/libam33xx.o
 .rodata.ddr_data_reg
                0x0000000000000000        0x8 arch/arm/cpu/armv7/am33xx/libam33xx.o
 .rodata.ddr_cmd_reg
                0x0000000000000000        0x8 arch/arm/cpu/armv7/am33xx/libam33xx.o
 .rodata.emif_reg
                0x0000000000000000        0x8 arch/arm/cpu/armv7/am33xx/libam33xx.o
 .data          0x0000000000000000        0x0 arch/arm/cpu/armv7/am33xx/libam33xx.o
 .data.cstat    0x0000000000000000        0x4 arch/arm/cpu/armv7/am33xx/libam33xx.o
 .data.cmdpll   0x0000000000000000        0x4 arch/arm/cpu/armv7/am33xx/libam33xx.o
 .data.cmrtc    0x0000000000000000        0x4 arch/arm/cpu/armv7/am33xx/libam33xx.o
 .data.cmwkup   0x0000000000000000        0x4 arch/arm/cpu/armv7/am33xx/libam33xx.o
 .data.cmper    0x0000000000000000        0x4 arch/arm/cpu/armv7/am33xx/libam33xx.o
 .bss           0x0000000000000000        0x0 arch/arm/cpu/armv7/am33xx/libam33xx.o
 .text          0x0000000000000000       0x24 arch/arm/cpu/armv7/libarmv7.o
 .text.v7_inval_tlb
                0x0000000000000000       0x1c arch/arm/cpu/armv7/libarmv7.o
 .text.__v7_outer_cache_enable
                0x0000000000000000        0x4 arch/arm/cpu/armv7/libarmv7.o
 .text.mmu_page_table_flush
                0x0000000000000000       0x10 arch/arm/cpu/armv7/libarmv7.o
 .text.arm_init_before_mmu
                0x0000000000000000       0x14 arch/arm/cpu/armv7/libarmv7.o
 .text.sr32     0x0000000000000000       0x24 arch/arm/cpu/armv7/libarmv7.o
 .text.wait_on_value
                0x0000000000000000       0x34 arch/arm/cpu/armv7/libarmv7.o
 .data          0x0000000000000000        0x0 arch/arm/cpu/armv7/libarmv7.o
 .bss           0x0000000000000000        0x0 arch/arm/cpu/armv7/libarmv7.o
 .text.warm_reset
                0x0000000000000000       0x18 arch/arm/cpu/armv7/omap-common/libomap-common.o
 .text.setup_warmreset_time
                0x0000000000000000        0x4 arch/arm/cpu/armv7/omap-common/libomap-common.o
 .text.get_ticks
[...]
Memory Configuration

Name             Origin             Length             Attributes
*default*        0x0000000000000000 0xffffffffffffffff

Linker script and memory map

                0x0000000000000000                . = 0x0
                0x0000000000000000                . = ALIGN (0x4)

.text           0x0000000080800000    0x3ebf0
 *(.__image_copy_start)
 .__image_copy_start
                0x0000000080800000        0x0 arch/arm/lib/libarm.o
                0x0000000080800000                __image_copy_start
 arch/arm/cpu/armv7/start.o(.text*)
 .text          0x0000000080800000      0x380 arch/arm/cpu/armv7/start.o
                0x0000000080800000                _start
                0x0000000080800040                _end_vect
                0x0000000080800040                _TEXT_BASE
                0x0000000080800044                _bss_start_ofs
                0x0000000080800048                _bss_end_ofs
                0x000000008080004c                _end_ofs
                0x0000000080800050                IRQ_STACK_START_IN
                0x000000008080008c                c_runtime_cpu_setup
                0x00000000808000a8                cpu_init_cp15
 *(.text*)
 .text.enable_gpmc_cs_config
                0x0000000080800380       0x74 arch/arm/cpu/armv7/am33xx/libam33xx.o
                0x0000000080800380                enable_gpmc_cs_config
 .text.gpmc_init
                0x00000000808003f4       0x74 arch/arm/cpu/armv7/am33xx/libam33xx.o
                0x00000000808003f4                gpmc_init
 .text.dram_init_banksize
                0x0000000080800468       0x1c arch/arm/cpu/armv7/am33xx/libam33xx.o
                0x0000000080800468                dram_init_banksize
 .text.dram_init
                0x0000000080800484       0x20 arch/arm/cpu/armv7/am33xx/libam33xx.o
                0x0000000080800484                dram_init
 .text.am33xx_usb_set_phy_power
                0x00000000808004a4       0x20 arch/arm/cpu/armv7/am33xx/libam33xx.o
 .text.am33xx_otg0_set_phy_power
                0x00000000808004c4        0xc arch/arm/cpu/armv7/am33xx/libam33xx.o
 .text.am33xx_otg1_set_phy_power
                0x00000000808004d0        0xc arch/arm/cpu/armv7/am33xx/libam33xx.o
 .text.arch_misc_init
                0x00000000808004dc       0x44 arch/arm/cpu/armv7/am33xx/libam33xx.o
                0x00000000808004dc                arch_misc_init
 .text.cpu_mmc_init
                0x0000000080800520       0x48 arch/arm/cpu/armv7/am33xx/libam33xx.o
                0x0000000080800520                cpu_mmc_init
 .text.elm_config
                0x0000000080800568       0x44 arch/arm/cpu/armv7/am33xx/libam33xx.o
                0x0000000080800568                elm_config
 .text.elm_reset
                0x00000000808005ac       0x34 arch/arm/cpu/armv7/am33xx/libam33xx.o
                0x00000000808005ac                elm_reset
 .text.elm_init
                0x00000000808005e0       0x18 arch/arm/cpu/armv7/am33xx/libam33xx.o
                0x00000000808005e0                elm_init
 .text.elm_check_error
                0x00000000808005f8      0x1d4 arch/arm/cpu/armv7/am33xx/libam33xx.o
                0x00000000808005f8                elm_check_error
 .text.get_ccsidr
                0x00000000808007cc        0x8 arch/arm/cpu/armv7/libarmv7.o
 .text.invalidate_icache_all
                0x00000000808007d4       0x18 arch/arm/cpu/armv7/libarmv7.o
                0x00000000808007d4                invalidate_icache_all
 .text.__v7_outer_cache_disable
                0x00000000808007ec        0x4 arch/arm/cpu/armv7/libarmv7.o
                0x00000000808007ec                v7_outer_cache_disable
                0x00000000808007ec                __v7_outer_cache_disable
 .text.__v7_outer_cache_flush_all
                0x00000000808007f0        0x4 arch/arm/cpu/armv7/libarmv7.o
                0x00000000808007f0                __v7_outer_cache_flush_all
                0x00000000808007f0                v7_outer_cache_flush_all
 .text.__v7_outer_cache_inval_all
                0x00000000808007f4        0x4 arch/arm/cpu/armv7/libarmv7.o
                0x00000000808007f4                v7_outer_cache_inval_all
                0x00000000808007f4                __v7_outer_cache_inval_all
 .text.__v7_outer_cache_flush_range
                0x00000000808007f8        0x4 arch/arm/cpu/armv7/libarmv7.o
                0x00000000808007f8                v7_outer_cache_flush_range
                0x00000000808007f8                __v7_outer_cache_flush_range
 .text.__v7_outer_cache_inval_range
                0x00000000808007fc        0x4 arch/arm/cpu/armv7/libarmv7.o
                0x00000000808007fc                __v7_outer_cache_inval_range
                0x00000000808007fc                v7_outer_cache_inval_range
 .text.v7_dcache_maint_range
                0x0000000080800800       0xcc arch/arm/cpu/armv7/libarmv7.o
 .text.flush_dcache_range
                0x00000000808008cc       0x24 arch/arm/cpu/armv7/libarmv7.o
                0x00000000808008cc                flush_dcache_range
 .text.flush_cache
                0x00000000808008f0        0x8 arch/arm/cpu/armv7/libarmv7.o
                0x00000000808008f0                flush_cache
 .text.invalidate_dcache_range
                0x00000000808008f8       0x24 arch/arm/cpu/armv7/libarmv7.o
                0x00000000808008f8                invalidate_dcache_range
 .text.v7_maint_dcache_all
                0x000000008080091c       0xd8 arch/arm/cpu/armv7/libarmv7.o
 .text.flush_dcache_all
                0x00000000808009f4       0x14 arch/arm/cpu/armv7/libarmv7.o
                0x00000000808009f4                flush_dcache_all
 .text.invalidate_dcache_all
                0x0000000080800a08       0x14 arch/arm/cpu/armv7/libarmv7.o
                0x0000000080800a08                invalidate_dcache_all
 .text.cpu_cache_initialization
                0x0000000080800a1c        0x4 arch/arm/cpu/armv7/libarmv7.o
                0x0000000080800a1c                cpu_cache_initialization
 .text.cleanup_before_linux
                0x0000000080800a20       0x28 arch/arm/cpu/armv7/libarmv7.o
                0x0000000080800a20                cleanup_before_linux
 .text.sdelay   0x0000000080800a48        0xc arch/arm/cpu/armv7/libarmv7.o
                0x0000000080800a48                sdelay
 .text          0x0000000080800a54       0x24 arch/arm/cpu/armv7/omap-common/libomap-common.o
                0x0000000080800a54                save_boot_params
                0x0000000080800a60                set_pl310_ctrl_reg
 .text.reset_cpu
                0x0000000080800a78       0x14 arch/arm/cpu/armv7/omap-common/libomap-common.o
                0x0000000080800a78                reset_cpu
 .text.timer_init
                0x0000000080800a8c       0x44 arch/arm/cpu/armv7/omap-common/libomap-common.o
                0x0000000080800a8c                timer_init
 .text.__udelay
                0x0000000080800ad0       0x54 arch/arm/cpu/armv7/omap-common/libomap-common.o
                0x0000000080800ad0                __udelay
 .text.get_timer_masked
                0x0000000080800b24       0x3c arch/arm/cpu/armv7/omap-common/libomap-common.o
                0x0000000080800b24                get_timer_masked
 .text.get_timer
                0x0000000080800b60       0x14 arch/arm/cpu/armv7/omap-common/libomap-common.o
                0x0000000080800b60                get_timer
 .text          0x0000000080800b74       0xe8 arch/arm/lib/libarm.o
                0x0000000080800b74                _main
                0x0000000080800bf8                relocate_code
 .text.__coloured_LED_init
                0x0000000080800c5c        0x4 arch/arm/lib/libarm.o
                0x0000000080800c5c                coloured_LED_init
                0x0000000080800c5c                __coloured_LED_init
 .text.__red_led_on
                0x0000000080800c60        0x4 arch/arm/lib/libarm.o
                0x0000000080800c60                __red_led_on
                0x0000000080800c60                red_led_on
 .text.__arch_cpu_init
                0x0000000080800c64        0x8 arch/arm/lib/libarm.o
                0x0000000080800c64                arch_cpu_init
                0x0000000080800c64                __arch_cpu_init
 .text.__power_init_board
                0x0000000080800c6c        0x8 arch/arm/lib/libarm.o
                0x0000000080800c6c                __power_init_board
                0x0000000080800c6c                power_init_board
 .text.mark_bootstage
                0x0000000080800c74        0x8 arch/arm/lib/libarm.o
 .text.init_func_i2c
                0x0000000080800c7c       0x34 arch/arm/lib/libarm.o
 .text.display_banner
                0x0000000080800cb0       0x20 arch/arm/lib/libarm.o
 .text.init_baudrate
                0x0000000080800cd0       0x2c arch/arm/lib/libarm.o
 .text.board_init_r
                0x0000000080800cfc       0xc8 arch/arm/lib/libarm.o
                0x0000000080800cfc                board_init_r
 .text.board_init_f
                0x0000000080800dc4      0x130 arch/arm/lib/libarm.o
                0x0000000080800dc4                board_init_f
 .text.setup_board_tags
                0x0000000080800ef4        0x4 arch/arm/lib/libarm.o
                0x0000000080800ef4                setup_board_tags
 .text.bootz_setup
                0x0000000080800ef8       0x60 arch/arm/lib/libarm.o
                0x0000000080800ef8                bootz_setup
 .text.boot_prep_linux
                0x0000000080800f58      0x184 arch/arm/lib/libarm.o
 .text.boot_jump_linux
                0x00000000808010dc       0xac arch/arm/lib/libarm.o
 .text.do_bootm_linux
                0x0000000080801188       0x64 arch/arm/lib/libarm.o
                0x0000000080801188                do_bootm_linux
 .text.arch_lmb_reserve
                0x00000000808011ec       0x24 arch/arm/lib/libarm.o
                0x00000000808011ec                arch_lmb_reserve
 .text.arch_fixup_memory_node
                0x0000000080801210       0x3c arch/arm/lib/libarm.o
                0x0000000080801210                arch_fixup_memory_node
 .text.interrupt_init
                0x000000008080124c       0x1c arch/arm/lib/libarm.o
                0x000000008080124c                interrupt_init
 .text.enable_interrupts
                0x0000000080801268        0x4 arch/arm/lib/libarm.o
                0x0000000080801268                enable_interrupts
 .text.disable_interrupts
                0x000000008080126c        0x8 arch/arm/lib/libarm.o
                0x000000008080126c                disable_interrupts
 .text.show_regs
                0x0000000080801274      0x140 arch/arm/lib/libarm.o
                0x0000000080801274                show_regs
 .text.bad_mode
                0x00000000808013b4       0x10 arch/arm/lib/libarm.o
                0x00000000808013b4                bad_mode
 .text.do_irq   0x00000000808013c4       0x24 arch/arm/lib/libarm.o
                0x00000000808013c4                do_irq
 .text.do_fiq   0x00000000808013e8       0x24 arch/arm/lib/libarm.o
                0x00000000808013e8                do_fiq
 .text.do_not_used
                0x000000008080140c       0x24 arch/arm/lib/libarm.o
                0x000000008080140c                do_not_used
 .text.do_data_abort
                0x0000000080801430       0x24 arch/arm/lib/libarm.o
                0x0000000080801430                do_data_abort
 .text.do_prefetch_abort
                0x0000000080801454       0x24 arch/arm/lib/libarm.o
                0x0000000080801454                do_prefetch_abort
 .text.do_software_interrupt
                0x0000000080801478       0x24 arch/arm/lib/libarm.o
                0x0000000080801478                do_software_interrupt
 .text.do_undefined_instruction
                0x000000008080149c       0x24 arch/arm/lib/libarm.o
                0x000000008080149c                do_undefined_instruction
 .text.do_reset
                0x00000000808014c0       0x2c arch/arm/lib/libarm.o
                0x00000000808014c0                do_reset
 .text.__enable_caches
                0x00000000808014ec        0xc arch/arm/lib/libarm.o
                0x00000000808014ec                enable_caches
                0x00000000808014ec                __enable_caches
 .text.cp_delay
                0x00000000808014f8       0x30 arch/arm/lib/libarm.o
 .text.cache_disable
                0x0000000080801528       0x44 arch/arm/lib/libarm.o
 .text.dcache_disable
                0x000000008080156c        0x8 arch/arm/lib/libarm.o
                0x000000008080156c                dcache_disable
 .text.icache_disable
                0x0000000080801574        0x8 arch/arm/lib/libarm.o
                0x0000000080801574                icache_disable
 .text.print_num
                0x000000008080157c       0x18 common/libcommon.o
 .text.do_bdinfo
                0x0000000080801594      0x17c common/libcommon.o
                0x0000000080801594                do_bdinfo
 .text.do_go_exec
                0x0000000080801710       0x18 common/libcommon.o
                0x0000000080801710                do_go_exec
 .text.do_go    0x0000000080801728       0x6c common/libcommon.o
 .text.__arch_preboot_os
                0x0000000080801794        0x4 common/libcommon.o
                0x0000000080801794                arch_preboot_os
 .text.image_info
                0x0000000080801798       0xe4 common/libcommon.o
 .text.do_iminfo
                0x000000008080187c       0x60 common/libcommon.o
 .text.bootm_find_ramdisk
                0x00000000808018dc       0x4c common/libcommon.o
 .text.bootm_find_fdt
                0x0000000080801928       0x5c common/libcommon.o
 .text.bootm_disable_interrupts
                0x0000000080801984       0x18 common/libcommon.o
 .text.copy_args
                0x000000008080199c       0x54 common/libcommon.o
 .text.do_bootm_plan9
                0x00000000808019f0       0xb8 common/libcommon.o
 .text.do_bootm_rtems
                0x0000000080801aa8       0x4c common/libcommon.o
 .text.do_bootm_netbsd
                0x0000000080801af4       0xfc common/libcommon.o
 .text.do_bootd
                0x0000000080801bf0       0x24 common/libcommon.o
                0x0000000080801bf0                do_bootd
 .text.T.162    0x0000000080801c14      0x860 common/libcommon.o
 .text.do_bootm
                0x0000000080802474       0xd8 common/libcommon.o
                0x0000000080802474                do_bootm
 .text.bootm_maybe_autostart
                0x000000008080254c       0x74 common/libcommon.o
                0x000000008080254c                bootm_maybe_autostart
 .text.do_bootz
                0x00000000808025c0      0x100 common/libcommon.o
                0x00000000808025c0                do_bootz
 .text.do_coninfo
                0x00000000808026c0       0xec common/libcommon.o
 .text.do_dfu   0x00000000808027ac       0xe0 common/libcommon.o
 .text.common_diskboot
                0x000000008080288c      0x258 common/libcommon.o
                0x000000008080288c                common_diskboot
 .text.do_echo  0x0000000080802ae4       0xb0 common/libcommon.o
 .text.eeprom_init
                0x0000000080802b94       0x10 common/libcommon.o
                0x0000000080802b94                eeprom_init
 .text.eeprom_write
                0x0000000080802ba4       0x74 common/libcommon.o
                0x0000000080802ba4                eeprom_write
 .text.eeprom_read
                0x0000000080802c18       0x74 common/libcommon.o
                0x0000000080802c18                eeprom_read
 .text.do_eeprom
                0x0000000080802c8c      0x114 common/libcommon.o
                0x0000000080802c8c                do_eeprom
 .text.do_exit  0x0000000080802da0       0x30 common/libcommon.o
 .text.do_ext2load
                0x0000000080802dd0       0x1c common/libcommon.o
                0x0000000080802dd0                do_ext2load
 .text.do_ext2ls
                0x0000000080802dec       0x14 common/libcommon.o
                0x0000000080802dec                do_ext2ls
 .text.do_ext4_ls
                0x0000000080802e00       0x14 common/libcommon.o
                0x0000000080802e00                do_ext4_ls
 .text.do_ext4_load
                0x0000000080802e14       0x1c common/libcommon.o
                0x0000000080802e14                do_ext4_load
 .text.do_fat_fswrite
                0x0000000080802e30       0xf8 common/libcommon.o
 .text.do_fat_fsinfo
                0x0000000080802f28       0x90 common/libcommon.o
 .text.do_fat_ls
                0x0000000080802fb8       0x14 common/libcommon.o
 .text.do_fat_fsload
                0x0000000080802fcc       0x1c common/libcommon.o
                0x0000000080802fcc                do_fat_fsload
 .text.is_printable_string
                0x0000000080802fe8       0x94 common/libcommon.o
 .text.fdt_valid
                0x000000008080307c       0xfc common/libcommon.o
 .text.print_data
                0x0000000080803178      0x180 common/libcommon.o
 .text.set_working_fdt_addr
                0x00000000808032f8       0x1c common/libcommon.o
                0x00000000808032f8                set_working_fdt_addr
 .text.do_fdt   0x0000000080803314     0x1000 common/libcommon.o
 .text.do_ls_wrapper
                0x0000000080804314       0x14 common/libcommon.o
                0x0000000080804314                do_ls_wrapper
 .text.do_load_wrapper
                0x0000000080804328       0x18 common/libcommon.o
                0x0000000080804328                do_load_wrapper
 .text.do_help  0x0000000080804340       0x48 common/libcommon.o
 .text.i2c_get_bus_speed
                0x0000000080804388        0xc common/libcommon.o
                0x0000000080804388                i2c_get_bus_speed
 .text.i2c_set_bus_speed
                0x0000000080804394       0x18 common/libcommon.o
                0x0000000080804394                i2c_set_bus_speed
 .text.get_alen
                0x00000000808043ac       0x3c common/libcommon.o
 .text.do_i2c   0x00000000808043e8       0x5c common/libcommon.o
 .text.do_i2c_bus_speed
                0x0000000080804444       0x74 common/libcommon.o
 .text.do_i2c_reset
                0x00000000808044b8       0x1c common/libcommon.o
 .text.do_i2c_write
                0x00000000808044d4       0xec common/libcommon.o
 .text.do_i2c_mw
                0x00000000808045c0       0xe8 common/libcommon.o
 .text.do_i2c_read
                0x00000000808046a8       0xac common/libcommon.o
 .text.do_i2c_loop
                0x0000000080804754       0xd4 common/libcommon.o
 .text.do_i2c_probe
                0x0000000080804828       0x94 common/libcommon.o
 .text.do_i2c_md
                0x00000000808048bc      0x1bc common/libcommon.o
 .text.mod_i2c_mem
                0x0000000080804a78      0x214 common/libcommon.o
 .text.do_i2c_nm
                0x0000000080804c8c       0x24 common/libcommon.o
 .text.do_i2c_mm
                0x0000000080804cb0       0x24 common/libcommon.o
 .text.do_i2c_bus_num
                0x0000000080804cd4       0x74 common/libcommon.o
 .text.do_i2c_crc
                0x0000000080804d48      0x110 common/libcommon.o
 .text.evalstr  0x0000000080804e58       0x1c common/libcommon.o
 .text.evalexp  0x0000000080804e74       0x6c common/libcommon.o
 .text.binary_test
                0x0000000080804ee0      0x1c0 common/libcommon.o
 .text.do_itest
                0x00000000808050a0       0x94 common/libcommon.o
 .text.ktrans   0x0000000080805134       0x20 common/libcommon.o
 .text.bin_data_init
                0x0000000080805154       0x2c common/libcommon.o
 .text.bin_data_char
                0x0000000080805180       0x28 common/libcommon.o
 .text.k_data_save
                0x00000000808051a8       0x4c common/libcommon.o
 .text.k_data_restore
                0x00000000808051f4       0x4c common/libcommon.o
 .text.load_serial_ymodem
                0x0000000080805240       0xe8 common/libcommon.o
 .text.getcxmodem
                0x0000000080805328       0x20 common/libcommon.o
 .text.T.104    0x0000000080805348       0x58 common/libcommon.o
 .text.load_serial
                0x00000000808053a0      0x1d8 common/libcommon.o
 .text.do_load_serial
                0x0000000080805578       0xe0 common/libcommon.o
 .text.T.106    0x0000000080805658       0x34 common/libcommon.o
 .text.do_load_serial_bin
                0x000000008080568c      0x748 common/libcommon.o
 .text.do_mem_loop
                0x0000000080805dd4       0xf4 common/libcommon.o
 .text.do_mem_mw
                0x0000000080805ec8       0xb8 common/libcommon.o
 .text.do_mem_base
                0x0000000080805f80       0x44 common/libcommon.o
 .text.do_mem_cmp
                0x0000000080805fc4      0x14c common/libcommon.o
 .text.do_mem_crc
                0x0000000080806110       0x44 common/libcommon.o
 .text.do_mem_cp
                0x0000000080806154       0xcc common/libcommon.o
 .text.mod_mem  0x0000000080806220      0x160 common/libcommon.o
 .text.do_mem_nm
                0x0000000080806380       0x24 common/libcommon.o
 .text.do_mem_mm
                0x00000000808063a4       0x24 common/libcommon.o
 .text.do_mem_md
                0x00000000808063c8       0xe0 common/libcommon.o
 .text.do_sleep
                0x00000000808064a8       0x70 common/libcommon.o
 .text.do_mmcops
                0x0000000080806518      0x488 common/libcommon.o
 .text.do_mmcinfo
                0x00000000808069a0      0x17c common/libcommon.o
 .text.device_find
                0x0000000080806b1c       0x4c common/libcommon.o
                0x0000000080806b1c                device_find
 .text.mtd_part_info
                0x0000000080806b68       0x90 common/libcommon.o
 .text.memsize_format
                0x0000000080806bf8       0x5c common/libcommon.o
 .text.index_partitions
                0x0000000080806c54       0xb8 common/libcommon.o
 .text.current_save
                0x0000000080806d0c       0xbc common/libcommon.o
 .text.part_sort_add
                0x0000000080806dc8      0x134 common/libcommon.o
 .text.part_delall
                0x0000000080806efc       0x44 common/libcommon.o
 .text.device_del
                0x0000000080806f40       0x7c common/libcommon.o
 .text.memsize_parse
                0x0000000080806fbc       0x68 common/libcommon.o
 .text.mtd_id_parse
                0x0000000080807024      0x110 common/libcommon.o
                0x0000000080807024                mtd_id_parse
 .text.find_dev_and_part
                0x0000000080807134      0x1b0 common/libcommon.o
                0x0000000080807134                find_dev_and_part
 .text.get_mtd_info
                0x00000000808072e4       0x80 common/libcommon.o
 .text.part_validate
                0x0000000080807364      0x248 common/libcommon.o
 .text.device_parse
                0x00000000808075ac      0x4c8 common/libcommon.o
 .text.T.209    0x0000000080807a74       0x68 common/libcommon.o
 .text.mtd_devices_init
                0x0000000080807adc       0x2c common/libcommon.o
 .text.mtdparts_init
                0x0000000080807b08      0x694 common/libcommon.o
                0x0000000080807b08                mtdparts_init
 .text.do_chpart
                0x000000008080819c       0xd0 common/libcommon.o
 .text.T.208    0x000000008080826c      0x2c8 common/libcommon.o
 .text.do_mtdparts
                0x0000000080808534      0x5bc common/libcommon.o
 .text.set_dev  0x0000000080808af0       0x70 common/libcommon.o
 .text.nand_load_image
                0x0000000080808b60      0x1cc common/libcommon.o
 .text.do_nandboot
                0x0000000080808d2c      0x25c common/libcommon.o
 .text.nand_print_and_set_info
                0x0000000080808f88       0xbc common/libcommon.o
 .text.arg_off  0x0000000080809044      0x12c common/libcommon.o
 .text.arg_off_size
                0x0000000080809170      0x15c common/libcommon.o
 .text.do_nand  0x00000000808092cc      0xc34 common/libcommon.o
 .text.do_ping  0x0000000080809f00       0x74 common/libcommon.o
 .text.netboot_common
                0x0000000080809f74      0x2e0 common/libcommon.o
 .text.do_nfs   0x000000008080a254        0xc common/libcommon.o
 .text.do_dhcp  0x000000008080a260        0xc common/libcommon.o
 .text.do_bootp
                0x000000008080a26c        0xc common/libcommon.o
 .text.do_tftpb
                0x000000008080a278        0xc common/libcommon.o
                0x000000008080a278                do_tftpb
 .text.get_env_id
                0x000000008080a284       0x10 common/libcommon.o
                0x000000008080a284                get_env_id
 .text.do_env_delete
                0x000000008080a294       0xa0 common/libcommon.o
 .text._do_env_set
                0x000000008080a334      0x1cc common/libcommon.o
 .text.do_env_set
                0x000000008080a500       0x20 common/libcommon.o
 .text.setenv   0x000000008080a520       0x60 common/libcommon.o
                0x000000008080a520                setenv
 .text.env_print
                0x000000008080a580       0xc8 common/libcommon.o
 .text.do_env_print
                0x000000008080a648       0xd0 common/libcommon.o
 .text.setenv_hex
                0x000000008080a718       0x38 common/libcommon.o
                0x000000008080a718                setenv_hex
 .text.do_env   0x000000008080a750       0x5c common/libcommon.o
 .text.do_env_import
                0x000000008080a7ac      0x24c common/libcommon.o
 .text.do_env_export
                0x000000008080a9f8      0x26c common/libcommon.o
 .text.do_env_default
                0x000000008080ac64       0xa8 common/libcommon.o
 .text.do_env_save
                0x000000008080ad0c       0x2c common/libcommon.o
 .text.envmatch
                0x000000008080ad38       0x64 common/libcommon.o
                0x000000008080ad38                envmatch
 .text.getenv_f
                0x000000008080ad9c       0xb8 common/libcommon.o
                0x000000008080ad9c                getenv_f
 .text.getenv   0x000000008080ae54       0x80 common/libcommon.o
                0x000000008080ae54                getenv
 .text.do_env_edit
                0x000000008080aed4       0x74 common/libcommon.o
 .text.getenv_ulong
                0x000000008080af48       0x30 common/libcommon.o
                0x000000008080af48                getenv_ulong
 .text.getenv_hex
                0x000000008080af78       0x34 common/libcommon.o
                0x000000008080af78                getenv_hex
 .text.do_env_ask
                0x000000008080afac      0x14c common/libcommon.o
                0x000000008080afac                do_env_ask
 .text.setenv_ulong
                0x000000008080b0f8       0x20 common/libcommon.o
                0x000000008080b0f8                setenv_ulong
 .text.bytes_per_second
                0x000000008080b118       0x54 common/libcommon.o
 .text.do_spi_flash
                0x000000008080b16c      0x730 common/libcommon.o
 .text.source   0x000000008080b89c      0x108 common/libcommon.o
                0x000000008080b89c                source
 .text.do_source
                0x000000008080b9a4       0x44 common/libcommon.o
                0x000000008080b9a4                do_source
 .text.do_spl   0x000000008080b9e8      0x1a4 common/libcommon.o
 .text.do_false
                0x000000008080bb8c        0x8 common/libcommon.o
 .text.do_true  0x000000008080bb94        0x8 common/libcommon.o
 .text.do_test  0x000000008080bb9c      0x468 common/libcommon.o
 .text.usb_get_class_desc
                0x000000008080c004       0xa8 common/libcommon.o
 .text.do_usbboot
                0x000000008080c0ac        0xc common/libcommon.o
 .text.usb_display_class_sub
                0x000000008080c0b8      0x174 common/libcommon.o
 .text.usb_find_device
                0x000000008080c22c       0x3c common/libcommon.o
 .text.usb_show_tree_graph
                0x000000008080c268      0x214 common/libcommon.o
 .text.usb_display_desc
                0x000000008080c47c      0x128 common/libcommon.o
 .text.usb_display_string
                0x000000008080c5a4       0x44 common/libcommon.o
 .text.usb_display_config
                0x000000008080c5e8      0x228 common/libcommon.o
 .text.do_usb   0x000000008080c810      0x758 common/libcommon.o
 .text.do_version
                0x000000008080cf68       0x38 common/libcommon.o
 .text.do_imgextract
                0x000000008080cfa0      0x2ac common/libcommon.o
 .text.cmd_get_data_size
                0x000000008080d24c       0x50 common/libcommon.o
                0x000000008080d24c                cmd_get_data_size
 .text.cmd_usage
                0x000000008080d29c       0x5c common/libcommon.o
                0x000000008080d29c                cmd_usage
 .text.find_cmd_tbl
                0x000000008080d2f8       0x9c common/libcommon.o
                0x000000008080d2f8                find_cmd_tbl
 .text.find_cmd
                0x000000008080d394       0x28 common/libcommon.o
                0x000000008080d394                find_cmd
 .text.cmd_process
                0x000000008080d3bc       0xf0 common/libcommon.o
                0x000000008080d3bc                cmd_process
 .text._do_help
                0x000000008080d4ac      0x180 common/libcommon.o
                0x000000008080d4ac                _do_help
 .text.console_setfile
                0x000000008080d62c       0xa0 common/libcommon.o
 .text.fgetc    0x000000008080d6cc       0x28 common/libcommon.o
                0x000000008080d6cc                fgetc
 .text.ftstc    0x000000008080d6f4       0x28 common/libcommon.o
                0x000000008080d6f4                ftstc
 .text.fputc    0x000000008080d71c       0x28 common/libcommon.o
                0x000000008080d71c                fputc
 .text.fputs    0x000000008080d744       0x28 common/libcommon.o
                0x000000008080d744                fputs
 .text.had_ctrlc
                0x000000008080d76c       0x10 common/libcommon.o
                0x000000008080d76c                had_ctrlc
 .text.clear_ctrlc
                0x000000008080d77c       0x14 common/libcommon.o
                0x000000008080d77c                clear_ctrlc
 .text.console_init_f
                0x000000008080d790       0x10 common/libcommon.o
                0x000000008080d790                console_init_f
 .text.console_init_r
                0x000000008080d7a0       0xec common/libcommon.o
                0x000000008080d7a0                console_init_r
 .text.search_device
                0x000000008080d88c       0x28 common/libcommon.o
                0x000000008080d88c                search_device
 .text.console_assign
                0x000000008080d8b4       0x40 common/libcommon.o
                0x000000008080d8b4                console_assign
 .text.puts     0x000000008080d8f4       0x28 common/libcommon.o
                0x000000008080d8f4                puts
 .text.vprintf  0x000000008080d91c       0x44 common/libcommon.o
                0x000000008080d91c                vprintf
 .text.printf   0x000000008080d960       0x50 common/libcommon.o
                0x000000008080d960                printf
 .text.on_console
                0x000000008080d9b0       0xb8 common/libcommon.o
 .text.putc     0x000000008080da68       0x28 common/libcommon.o
                0x000000008080da68                putc
 .text.tstc     0x000000008080da90       0x24 common/libcommon.o
                0x000000008080da90                tstc
 .text.getc     0x000000008080dab4       0x24 common/libcommon.o
                0x000000008080dab4                getc
 .text.ctrlc    0x000000008080dad8       0x58 common/libcommon.o
                0x000000008080dad8                ctrlc
 .text.mem_malloc_init
                0x000000008080db30       0x34 common/libcommon.o
                0x000000008080db30                mem_malloc_init
 .text.sbrk     0x000000008080db64       0x70 common/libcommon.o
                0x000000008080db64                sbrk
 .text.malloc_trim
                0x000000008080dbd4       0xd4 common/libcommon.o
                0x000000008080dbd4                malloc_trim
 .text.free     0x000000008080dca8      0x228 common/libcommon.o
                0x000000008080dca8                free
 .text.malloc   0x000000008080ded0      0x608 common/libcommon.o
                0x000000008080ded0                malloc
 .text.memalign
                0x000000008080e4d8      0x10c common/libcommon.o
                0x000000008080e4d8                memalign
 .text.calloc   0x000000008080e5e4       0xe0 common/libcommon.o
                0x000000008080e5e4                calloc
 .text.realloc  0x000000008080e6c4      0x44c common/libcommon.o
                0x000000008080e6c4                realloc
 .text.reverse_strstr
                0x000000008080eb10       0x5c common/libcommon.o
 .text.env_attr_lookup
                0x000000008080eb6c      0x124 common/libcommon.o
                0x000000008080eb6c                env_attr_lookup
 .text.env_attr_walk
                0x000000008080ec90      0x110 common/libcommon.o
                0x000000008080ec90                env_attr_walk
 .text.clear_callback
                0x000000008080eda0       0x10 common/libcommon.o
 .text.on_callbacks
                0x000000008080edb0       0x44 common/libcommon.o
 .text.find_env_callback
                0x000000008080edf4       0x5c common/libcommon.o
 .text.set_callback
                0x000000008080ee50       0x94 common/libcommon.o
 .text.env_callback_init
                0x000000008080eee4       0xa0 common/libcommon.o
                0x000000008080eee4                env_callback_init
 .text.__env_get_char_spec
                0x000000008080ef84        0xc common/libcommon.o
                0x000000008080ef84                env_get_char_spec
 .text.env_get_addr
                0x000000008080ef90       0x24 common/libcommon.o
                0x000000008080ef90                env_get_addr
 .text.env_get_char_memory
                0x000000008080efb4       0x10 common/libcommon.o
                0x000000008080efb4                env_get_char_memory
 .text.env_get_char
                0x000000008080efc4       0x30 common/libcommon.o
                0x000000008080efc4                env_get_char
 .text.set_default_vars
                0x000000008080eff4       0x38 common/libcommon.o
                0x000000008080eff4                set_default_vars
 .text.set_default_env
                0x000000008080f02c       0xb8 common/libcommon.o
                0x000000008080f02c                set_default_env
 .text.env_relocate
                0x000000008080f0e4       0x30 common/libcommon.o
                0x000000008080f0e4                env_relocate
 .text.env_import
                0x000000008080f114       0xdc common/libcommon.o
                0x000000008080f114                env_import
 .text.getenv_default
                0x000000008080f1f0       0x30 common/libcommon.o
                0x000000008080f1f0                getenv_default
 .text.getenv_yesno
                0x000000008080f220       0x4c common/libcommon.o
                0x000000008080f220                getenv_yesno
 .text.skip_num
                0x000000008080f26c       0x78 common/libcommon.o
 .text.clear_flags
                0x000000008080f2e4       0x10 common/libcommon.o
 .text.on_flags
                0x000000008080f2f4       0x44 common/libcommon.o
 .text.env_flags_validate
                0x000000008080f338      0x314 common/libcommon.o
                0x000000008080f338                env_flags_validate
 .text.env_flags_parse_varaccess
                0x000000008080f64c       0x50 common/libcommon.o
                0x000000008080f64c                env_flags_parse_varaccess
 .text.env_flags_parse_vartype
                0x000000008080f69c       0x4c common/libcommon.o
                0x000000008080f69c                env_flags_parse_vartype
 .text.env_parse_flags_to_bin
                0x000000008080f6e8       0x2c common/libcommon.o
 .text.set_flags
                0x000000008080f714       0x90 common/libcommon.o
 .text.env_flags_init
                0x000000008080f7a4       0x90 common/libcommon.o
                0x000000008080f7a4                env_flags_init
 .text.env_init
                0x000000008080f834       0x1c common/libcommon.o
                0x000000008080f834                env_init
 .text.env_relocate_spec
                0x000000008080f850       0xa8 common/libcommon.o
                0x000000008080f850                env_relocate_spec
 .text.saveenv  0x000000008080f8f8      0x164 common/libcommon.o
                0x000000008080f8f8                saveenv
 .text.dummy    0x000000008080fa5c        0x4 common/libcommon.o
 .text.get_version
                0x000000008080fa60        0x8 common/libcommon.o
                0x000000008080fa60                get_version
 .text.jumptable_init
                0x000000008080fa68      0x1a0 common/libcommon.o
                0x000000008080fa68                jumptable_init
 .text.write_cell
                0x000000008080fc08       0x50 common/libcommon.o
 .text.get_cells_len
                0x000000008080fc58       0x4c common/libcommon.o
 .text.fdt_resize
                0x000000008080fca4      0x10c common/libcommon.o
                0x000000008080fca4                fdt_resize
 .text.fdt_initrd
                0x000000008080fdb0      0x1dc common/libcommon.o
                0x000000008080fdb0                fdt_initrd
 .text.fdt_fixup_memory_banks
                0x000000008080ff8c      0x198 common/libcommon.o
                0x000000008080ff8c                fdt_fixup_memory_banks
 .text.fdt_fixup_memory
                0x0000000080810124       0x20 common/libcommon.o
                0x0000000080810124                fdt_fixup_memory
 .text.fdt_chosen
                0x0000000080810144      0x104 common/libcommon.o
                0x0000000080810144                fdt_chosen
 .text.fdt_find_and_setprop
                0x0000000080810248       0x70 common/libcommon.o
                0x0000000080810248                fdt_find_and_setprop
 .text.do_fixup_by_path
                0x00000000808102b8       0x54 common/libcommon.o
                0x00000000808102b8                do_fixup_by_path
 .text.fdt_fixup_ethernet
                0x000000008081030c      0x144 common/libcommon.o
                0x000000008081030c                fdt_fixup_ethernet
 .text.hash_command
                0x0000000080810450       0xa0 common/libcommon.o
                0x0000000080810450                hash_command
 .text.b_reset  0x00000000808104f0       0x1c common/libcommon.o
 .text.static_get
                0x000000008081050c       0x1c common/libcommon.o
 .text.static_peek
                0x0000000080810528        0xc common/libcommon.o
 .text.file_peek
                0x0000000080810534        0xc common/libcommon.o
 .text.setup_string_in_str
                0x0000000080810540       0x2c common/libcommon.o
 .text.is_assignment
                0x000000008081056c       0x5c common/libcommon.o
 .text.mapset   0x00000000808105c8       0x28 common/libcommon.o
 .text.syntax_err
                0x00000000808105f0        0xc common/libcommon.o
 .text.do_showvar
                0x00000000808105fc       0xf0 common/libcommon.o
 .text.u_boot_hush_start
                0x00000000808106ec       0x50 common/libcommon.o
                0x00000000808106ec                u_boot_hush_start
 .text.xmalloc  0x000000008081073c       0x20 common/libcommon.o
 .text.new_pipe
                0x000000008081075c       0x28 common/libcommon.o
 .text.file_get
                0x0000000080810784      0x1d0 common/libcommon.o
 .text.free_pipe_list
                0x0000000080810954       0xe0 common/libcommon.o
 .text.b_free   0x0000000080810a34       0x24 common/libcommon.o
 .text.xrealloc
                0x0000000080810a58       0x20 common/libcommon.o
 .text.done_command
                0x0000000080810a78       0x88 common/libcommon.o
 .text.initialize_context
                0x0000000080810b00       0x38 common/libcommon.o
 .text.done_pipe
                0x0000000080810b38       0x48 common/libcommon.o
 .text.done_word
                0x0000000080810b80      0x280 common/libcommon.o
 .text.get_local_var
                0x0000000080810e00       0x98 common/libcommon.o
                0x0000000080810e00                get_local_var
 .text.set_local_var
                0x0000000080810e98      0x1b4 common/libcommon.o
                0x0000000080810e98                set_local_var
 .text.insert_var_value_sub
                0x000000008081104c      0x2b8 common/libcommon.o
 .text.insert_var_value
                0x0000000080811304        0x8 common/libcommon.o
 .text.b_addchr
                0x000000008081130c       0x78 common/libcommon.o
 .text.b_addqchr
                0x0000000080811384       0x4c common/libcommon.o
 .text.parse_stream_outer
                0x00000000808113d0      0x69c common/libcommon.o
 .text.parse_file_outer
                0x0000000080811a6c       0x44 common/libcommon.o
                0x0000000080811a6c                parse_file_outer
 .text.parse_string_outer
                0x0000000080811ab0       0xc8 common/libcommon.o
                0x0000000080811ab0                parse_string_outer
 .text.run_list_real
                0x0000000080811b78      0x7d8 common/libcommon.o
 .text.ft_verify_fdt
                0x0000000080812350        0x8 common/libcommon.o
                0x0000000080812350                ft_verify_fdt
 .text.fdt_error
                0x0000000080812358       0x2c common/libcommon.o
 .text.image_setup_libfdt
                0x0000000080812384      0x104 common/libcommon.o
                0x0000000080812384                image_setup_libfdt
 .text.boot_get_fdt
                0x0000000080812488      0x2c0 common/libcommon.o
                0x0000000080812488                boot_get_fdt
 .text.boot_relocate_fdt
                0x0000000080812748      0x1b0 common/libcommon.o
                0x0000000080812748                boot_relocate_fdt
 .text.boot_fdt_add_mem_rsv_regions
                0x00000000808128f8       0x88 common/libcommon.o
                0x00000000808128f8                boot_fdt_add_mem_rsv_regions
 .text.image_multi_count
                0x0000000080812980       0x24 common/libcommon.o
                0x0000000080812980                image_multi_count
 .text.get_table_entry_name
                0x00000000808129a4       0x2c common/libcommon.o
                0x00000000808129a4                get_table_entry_name
 .text.genimg_get_os_name
                0x00000000808129d0       0x18 common/libcommon.o
                0x00000000808129d0                genimg_get_os_name
 .text.genimg_get_arch_name
                0x00000000808129e8       0x18 common/libcommon.o
                0x00000000808129e8                genimg_get_arch_name
 .text.genimg_get_type_name
                0x0000000080812a00       0x18 common/libcommon.o
                0x0000000080812a00                genimg_get_type_name
 .text.genimg_get_comp_name
                0x0000000080812a18       0x18 common/libcommon.o
                0x0000000080812a18                genimg_get_comp_name
 .text.genimg_get_image
                0x0000000080812a30        0x4 common/libcommon.o
                0x0000000080812a30                genimg_get_image
 .text.genimg_has_config
                0x0000000080812a34        0x8 common/libcommon.o
                0x0000000080812a34                genimg_has_config
 .text.on_loadaddr
                0x0000000080812a3c       0x38 common/libcommon.o
 .text.getenv_bootm_low
                0x0000000080812a74       0x30 common/libcommon.o
                0x0000000080812a74                getenv_bootm_low
 .text.image_multi_getimg
                0x0000000080812aa4       0xa4 common/libcommon.o
                0x0000000080812aa4                image_multi_getimg
 .text.genimg_get_format
                0x0000000080812b48       0x48 common/libcommon.o
                0x0000000080812b48                genimg_get_format
 .text.genimg_print_size
                0x0000000080812b90       0x30 common/libcommon.o
                0x0000000080812b90                genimg_print_size
 .text.image_print_contents
                0x0000000080812bc0      0x1ac common/libcommon.o
                0x0000000080812bc0                image_print_contents
 .text.memmove_wd
                0x0000000080812d6c        0xc common/libcommon.o
                0x0000000080812d6c                memmove_wd
 .text.boot_ramdisk_high
                0x0000000080812d78      0x12c common/libcommon.o
                0x0000000080812d78                boot_ramdisk_high
 .text.image_setup_linux
                0x0000000080812ea4       0x88 common/libcommon.o
                0x0000000080812ea4                image_setup_linux
 .text.getenv_bootm_size
                0x0000000080812f2c       0x5c common/libcommon.o
                0x0000000080812f2c                getenv_bootm_size
 .text.getenv_bootm_mapsize
                0x0000000080812f88       0x30 common/libcommon.o
                0x0000000080812f88                getenv_bootm_mapsize
 .text.image_check_dcrc
                0x0000000080812fb8       0x60 common/libcommon.o
                0x0000000080812fb8                image_check_dcrc
 .text.image_check_hcrc
                0x0000000080813018       0x64 common/libcommon.o
                0x0000000080813018                image_check_hcrc
 .text.boot_get_ramdisk
                0x000000008081307c      0x268 common/libcommon.o
                0x000000008081307c                boot_get_ramdisk
 .text.__show_boot_progress
                0x00000000808132e4        0x4 common/libcommon.o
                0x00000000808132e4                __show_boot_progress
                0x00000000808132e4                show_boot_progress
 .text.run_command_list
                0x00000000808132e8       0x5c common/libcommon.o
                0x00000000808132e8                run_command_list
 .text.run_command
                0x0000000080813344        0x8 common/libcommon.o
                0x0000000080813344                run_command
 .text.do_run   0x000000008081334c       0x70 common/libcommon.o
                0x000000008081334c                do_run
 .text.delete_char
                0x00000000808133bc       0xdc common/libcommon.o
 .text.readline_into_buffer
                0x0000000080813498      0x1d0 common/libcommon.o
                0x0000000080813498                readline_into_buffer
 .text.readline
                0x0000000080813668       0x14 common/libcommon.o
                0x0000000080813668                readline
 .text.main_loop
                0x000000008081367c      0x114 common/libcommon.o
                0x000000008081367c                main_loop
 .text.get_ram_size
                0x0000000080813790      0x100 common/libcommon.o
                0x0000000080813790                get_ram_size
 .text.miiphy_init
                0x0000000080813890       0x24 common/libcommon.o
                0x0000000080813890                miiphy_init
 .text.miiphy_get_current_dev
                0x00000000808138b4       0x18 common/libcommon.o
                0x00000000808138b4                miiphy_get_current_dev
 .text.miiphy_get_dev_by_name
                0x00000000808138cc       0x60 common/libcommon.o
                0x00000000808138cc                miiphy_get_dev_by_name
 .text.miiphy_set_current_dev
                0x000000008081392c       0x40 common/libcommon.o
                0x000000008081392c                miiphy_set_current_dev
 .text.mdio_register
                0x000000008081396c       0x90 common/libcommon.o
                0x000000008081396c                mdio_register
 .text.miiphy_get_active_dev
                0x00000000808139fc       0x50 common/libcommon.o
 .text.miiphy_write
                0x0000000080813a4c       0x3c common/libcommon.o
                0x0000000080813a4c                miiphy_write
 .text.mdio_alloc
                0x0000000080813a88       0x30 common/libcommon.o
                0x0000000080813a88                mdio_alloc
 .text.hex1_bin
                0x0000000080813ab8       0x40 common/libcommon.o
 .text.hex2_bin
                0x0000000080813af8       0x34 common/libcommon.o
 .text.srec_decode
                0x0000000080813b2c      0x268 common/libcommon.o
                0x0000000080813b2c                srec_decode
 .text.stdio_get_list
                0x0000000080813d94        0xc common/libcommon.o
                0x0000000080813d94                stdio_get_list
 .text.stdio_clone
                0x0000000080813da0       0x38 common/libcommon.o
                0x0000000080813da0                stdio_clone
 .text.stdio_register
                0x0000000080813dd8       0x40 common/libcommon.o
                0x0000000080813dd8                stdio_register
 .text.stdio_init
                0x0000000080813e18       0xa0 common/libcommon.o
                0x0000000080813e18                stdio_init
 .text.stdio_get_by_name
                0x0000000080813eb8       0x54 common/libcommon.o
                0x0000000080813eb8                stdio_get_by_name
 .text.usb_disable_asynch
                0x0000000080813f0c       0x20 common/libcommon.o
                0x0000000080813f0c                usb_disable_asynch
 .text.usb_maxpacket
                0x0000000080813f2c       0x1c common/libcommon.o
                0x0000000080813f2c                usb_maxpacket
 .text.usb_set_maxpacket_ep
                0x0000000080813f48       0x70 common/libcommon.o
 .text.usb_get_dev_index
                0x0000000080813fb8       0x24 common/libcommon.o
                0x0000000080813fb8                usb_get_dev_index
 .text.usb_alloc_new_device
                0x0000000080813fdc       0xa0 common/libcommon.o
                0x0000000080813fdc                usb_alloc_new_device
 .text.usb_free_device
                0x000000008081407c       0x48 common/libcommon.o
                0x000000008081407c                usb_free_device
 .text.usb_bulk_msg
                0x00000000808140c4       0x6c common/libcommon.o
                0x00000000808140c4                usb_bulk_msg
 .text.usb_control_msg
                0x0000000080814130       0xdc common/libcommon.o
                0x0000000080814130                usb_control_msg
 .text.usb_get_descriptor
                0x000000008081420c       0x54 common/libcommon.o
 .text.usb_get_configuration_no
                0x0000000080814260       0xa0 common/libcommon.o
                0x0000000080814260                usb_get_configuration_no
 .text.usb_get_string
                0x0000000080814300       0x7c common/libcommon.o
 .text.usb_string_sub
                0x000000008081437c       0xfc common/libcommon.o
 .text.usb_string
                0x0000000080814478       0xfc common/libcommon.o
                0x0000000080814478                usb_string
 .text.usb_set_interface
                0x0000000080814574       0xb0 common/libcommon.o
                0x0000000080814574                usb_set_interface
 .text.usb_clear_halt
                0x0000000080814624       0xa4 common/libcommon.o
                0x0000000080814624                usb_clear_halt
 .text.usb_stop
                0x00000000808146c8       0x5c common/libcommon.o
                0x00000000808146c8                usb_stop
 .text.usb_new_device
                0x0000000080814724      0x520 common/libcommon.o
                0x0000000080814724                usb_new_device
 .text.usb_init
                0x0000000080814c44      0x118 common/libcommon.o
                0x0000000080814c44                usb_init
 .text.usb_hub_reset
                0x0000000080814d5c       0x14 common/libcommon.o
                0x0000000080814d5c                usb_hub_reset
 .text.usb_get_hub_descriptor
                0x0000000080814d70       0x50 common/libcommon.o
 .text.usb_get_port_status
                0x0000000080814dc0       0x4c common/libcommon.o
 .text.usb_set_port_feature
                0x0000000080814e0c       0x4c common/libcommon.o
 .text.usb_clear_port_feature
                0x0000000080814e58       0x4c common/libcommon.o
 .text.usb_hub_power_on
                0x0000000080814ea4       0xc8 common/libcommon.o
 .text.hub_port_reset
                0x0000000080814f6c       0xc0 common/libcommon.o
                0x0000000080814f6c                hub_port_reset
 .text.usb_hub_port_connect_change
                0x000000008081502c      0x130 common/libcommon.o
                0x000000008081502c                usb_hub_port_connect_change
 .text.usb_hub_configure
                0x000000008081515c      0x2e4 common/libcommon.o
 .text.usb_hub_probe
                0x0000000080815440       0x5c common/libcommon.o
                0x0000000080815440                usb_hub_probe
 .text.usb_stor_get_dev
                0x000000008081549c       0x28 common/libcommon.o
                0x000000008081549c                usb_stor_get_dev
 .text.usb_stor_irq
                0x00000000808154c4       0x1c common/libcommon.o
 .text.usb_storage_probe
                0x00000000808154e0      0x220 common/libcommon.o
                0x00000000808154e0                usb_storage_probe
 .text.usb_stor_BBB_clear_endpt_stall
                0x0000000080815700       0x48 common/libcommon.o
 .text.usb_stor_BBB_reset
                0x0000000080815748       0xd0 common/libcommon.o
 .text.usb_stor_CB_reset
                0x0000000080815818       0xd0 common/libcommon.o
 .text.usb_stor_BBB_transport
                0x00000000808158e8      0x26c common/libcommon.o
 .text.usb_stor_CB_comdat
                0x0000000080815b54      0x220 common/libcommon.o
 .text.usb_stor_CBI_get_status
                0x0000000080815d74       0xd8 common/libcommon.o
 .text.usb_stor_CB_transport
                0x0000000080815e4c      0x1f0 common/libcommon.o
 .text.usb_stor_info
                0x000000008081603c       0x74 common/libcommon.o
                0x000000008081603c                usb_stor_info
 .text.T.126    0x00000000808160b0       0x70 common/libcommon.o
 .text.usb_stor_write
                0x0000000080816120      0x1b0 common/libcommon.o
                0x0000000080816120                usb_stor_write
 .text.usb_stor_get_info
                0x00000000808162d0      0x370 common/libcommon.o
                0x00000000808162d0                usb_stor_get_info
 .text.usb_stor_scan
                0x0000000080816640      0x1dc common/libcommon.o
                0x0000000080816640                usb_stor_scan
 .text.usb_stor_read
                0x000000008081681c      0x1b0 common/libcommon.o
                0x000000008081681c                usb_stor_read
 .text.xyzModem_error
                0x00000000808169cc       0x20 common/libcommon.o
                0x00000000808169cc                xyzModem_error
 .text.CYGACC_COMM_IF_PUTC
                0x00000000808169ec        0x8 common/libcommon.o
 .text.CYGACC_COMM_IF_GETC_TIMEOUT
                0x00000000808169f4       0x54 common/libcommon.o
 .text.xyzModem_flush
                0x0000000080816a48       0x28 common/libcommon.o
 .text.xyzModem_stream_terminate
                0x0000000080816a70       0xd4 common/libcommon.o
                0x0000000080816a70                xyzModem_stream_terminate
 .text.xyzModem_stream_close
                0x0000000080816b44       0x50 common/libcommon.o
                0x0000000080816b44                xyzModem_stream_close
 .text.xyzModem_get_hdr
                0x0000000080816b94      0x27c common/libcommon.o
 .text.xyzModem_stream_read
                0x0000000080816e10      0x288 common/libcommon.o
                0x0000000080816e10                xyzModem_stream_read
 .text.xyzModem_stream_open
                0x0000000080817098      0x278 common/libcommon.o
                0x0000000080817098                xyzModem_stream_open
 .text.get_dev  0x0000000080817310       0x6c disk/libdisk.o
                0x0000000080817310                get_dev
 .text.get_device
                0x000000008081737c       0x80 disk/libdisk.o
                0x000000008081737c                get_device
 .text.get_partition_info
                0x00000000808173fc       0x24 disk/libdisk.o
                0x00000000808173fc                get_partition_info
 .text.get_device_and_partition
                0x0000000080817420      0x34c disk/libdisk.o
                0x0000000080817420                get_device_and_partition
 .text.init_part
                0x000000008081776c       0x20 disk/libdisk.o
                0x000000008081776c                init_part
 .text.print_part
                0x000000008081778c       0xe8 disk/libdisk.o
                0x000000008081778c                print_part
 .text.dev_print
                0x0000000080817874      0x214 disk/libdisk.o
                0x0000000080817874                dev_print
 .text.get_partition_info_extended
                0x0000000080817a88      0x290 disk/libdisk.o
 .text.get_partition_info_dos
                0x0000000080817d18       0x28 disk/libdisk.o
                0x0000000080817d18                get_partition_info_dos
 .text.test_block_type
                0x0000000080817d40       0x80 disk/libdisk.o
 .text.print_partition_extended
                0x0000000080817dc0      0x284 disk/libdisk.o
 .text.print_part_dos
                0x0000000080818044       0x30 disk/libdisk.o
                0x0000000080818044                print_part_dos
 .text.test_part_dos
                0x0000000080818074       0x60 disk/libdisk.o
                0x0000000080818074                test_part_dos
 .text.dfu_get_dev_type
                0x00000000808180d4       0x30 drivers/dfu/libdfu.o
                0x00000000808180d4                dfu_get_dev_type
 .text.dfu_get_layout
                0x0000000080818104       0x3c drivers/dfu/libdfu.o
                0x0000000080818104                dfu_get_layout
 .text.dfu_get_alt_number
                0x0000000080818140       0x10 drivers/dfu/libdfu.o
                0x0000000080818140                dfu_get_alt_number
 .text.dfu_get_entity
                0x0000000080818150       0x44 drivers/dfu/libdfu.o
                0x0000000080818150                dfu_get_entity
 .text.dfu_show_entities
                0x0000000080818194       0x6c drivers/dfu/libdfu.o
                0x0000000080818194                dfu_show_entities
 .text.dfu_config_entities
                0x0000000080818200      0x15c drivers/dfu/libdfu.o
                0x0000000080818200                dfu_config_entities
 .text.dfu_free_entities
                0x000000008081835c       0x80 drivers/dfu/libdfu.o
                0x000000008081835c                dfu_free_entities
 .text.dfu_free_buf
                0x00000000808183dc       0x20 drivers/dfu/libdfu.o
 .text.dfu_get_buf
                0x00000000808183fc       0x8c drivers/dfu/libdfu.o
 .text.dfu_read
                0x0000000080818488      0x260 drivers/dfu/libdfu.o
                0x0000000080818488                dfu_read
 .text.dfu_write_buffer_drain
                0x00000000808186e8       0x88 drivers/dfu/libdfu.o
 .text.dfu_write
                0x0000000080818770      0x1c4 drivers/dfu/libdfu.o
                0x0000000080818770                dfu_write
 .text.dfu_fill_entity_mmc
                0x0000000080818934      0x22c drivers/dfu/libdfu.o
                0x0000000080818934                dfu_fill_entity_mmc
 .text.mmc_block_op
                0x0000000080818b60       0xf8 drivers/dfu/libdfu.o
 .text.mmc_file_op
                0x0000000080818c58      0x194 drivers/dfu/libdfu.o
 .text.dfu_read_medium_mmc
                0x0000000080818dec       0x6c drivers/dfu/libdfu.o
                0x0000000080818dec                dfu_read_medium_mmc
 .text.dfu_flush_medium_mmc
                0x0000000080818e58       0x40 drivers/dfu/libdfu.o
                0x0000000080818e58                dfu_flush_medium_mmc
 .text.dfu_write_medium_mmc
                0x0000000080818e98       0xb0 drivers/dfu/libdfu.o
                0x0000000080818e98                dfu_write_medium_mmc
 .text.dfu_fill_entity_nand
                0x0000000080818f48      0x1b0 drivers/dfu/libdfu.o
                0x0000000080818f48                dfu_fill_entity_nand
 .text.nand_block_op
                0x00000000808190f8      0x1e8 drivers/dfu/libdfu.o
 .text.dfu_write_medium_nand
                0x00000000808192e0       0x48 drivers/dfu/libdfu.o
 .text.dfu_read_medium_nand
                0x0000000080819328       0x44 drivers/dfu/libdfu.o
 .text.gpio_is_valid
                0x000000008081936c       0x10 drivers/gpio/libgpio.o
                0x000000008081936c                gpio_is_valid
 .text._set_gpio_direction
                0x000000008081937c       0x2c drivers/gpio/libgpio.o
 .text.check_gpio
                0x00000000808193a8       0x30 drivers/gpio/libgpio.o
 .text.gpio_request
                0x00000000808193d8       0x18 drivers/gpio/libgpio.o
                0x00000000808193d8                gpio_request
 .text.gpio_direction_input
                0x00000000808193f0       0x40 drivers/gpio/libgpio.o
                0x00000000808193f0                gpio_direction_input
 .text.gpio_get_value
                0x0000000080819430       0x70 drivers/gpio/libgpio.o
                0x0000000080819430                gpio_get_value
 .text.i2c_get_bus_num
                0x00000000808194a0       0x10 drivers/i2c/libi2c.o
                0x00000000808194a0                i2c_get_bus_num
 .text.wait_for_bb
                0x00000000808194b0       0x80 drivers/i2c/libi2c.o
 .text.wait_for_event
                0x0000000080819530       0x7c drivers/i2c/libi2c.o
 .text.flush_fifo
                0x00000000808195ac       0x38 drivers/i2c/libi2c.o
 .text.i2c_write
                0x00000000808195e4      0x204 drivers/i2c/libi2c.o
                0x00000000808195e4                i2c_write
 .text.i2c_read
                0x00000000808197e8      0x220 drivers/i2c/libi2c.o
                0x00000000808197e8                i2c_read
 .text.i2c_probe
                0x0000000080819a08       0xf0 drivers/i2c/libi2c.o
                0x0000000080819a08                i2c_probe
 .text.i2c_init
                0x0000000080819af8      0x1a8 drivers/i2c/libi2c.o
                0x0000000080819af8                i2c_init
 .text.i2c_set_bus_num
                0x0000000080819ca0       0xa0 drivers/i2c/libi2c.o
                0x0000000080819ca0                i2c_set_bus_num
 .text.board_mmc_getwp
                0x0000000080819d40        0x8 drivers/mmc/libmmc.o
                0x0000000080819d40                board_mmc_getwp
 .text.mmc_getwp
                0x0000000080819d48       0x30 drivers/mmc/libmmc.o
                0x0000000080819d48                mmc_getwp
 .text.__board_mmc_getcd
                0x0000000080819d78        0x8 drivers/mmc/libmmc.o
                0x0000000080819d78                __board_mmc_getcd
                0x0000000080819d78                board_mmc_getcd
 .text.mmc_getcd
                0x0000000080819d80       0x30 drivers/mmc/libmmc.o
                0x0000000080819d80                mmc_getcd
 .text.mmc_set_ios
                0x0000000080819db0      0x138 drivers/mmc/libmmc.o
 .text.mmc_set_clock
                0x0000000080819ee8       0x20 drivers/mmc/libmmc.o
                0x0000000080819ee8                mmc_set_clock
 .text.mmc_set_bus_width
                0x0000000080819f08        0x8 drivers/mmc/libmmc.o
 .text.mmc_register
                0x0000000080819f10       0x80 drivers/mmc/libmmc.o
                0x0000000080819f10                mmc_register
 .text.__def_mmc_init
                0x0000000080819f90        0x8 drivers/mmc/libmmc.o
                0x0000000080819f90                board_mmc_init
 .text.get_mmc_num
                0x0000000080819f98       0x10 drivers/mmc/libmmc.o
                0x0000000080819f98                get_mmc_num
 .text.print_mmc_devices
                0x0000000080819fa8       0x68 drivers/mmc/libmmc.o
                0x0000000080819fa8                print_mmc_devices
 .text.find_mmc_device
                0x000000008081a010       0x48 drivers/mmc/libmmc.o
                0x000000008081a010                find_mmc_device
 .text.mmc_send_cmd
                0x000000008081a058      0x444 drivers/mmc/libmmc.o
 .text.mmc_send_ext_csd
                0x000000008081a49c       0x4c drivers/mmc/libmmc.o
 .text.mmc_go_idle
                0x000000008081a4e8       0x4c drivers/mmc/libmmc.o
 .text.mmc_set_blocklen
                0x000000008081a534       0x30 drivers/mmc/libmmc.o
 .text.mmc_bread
                0x000000008081a564      0x150 drivers/mmc/libmmc.o
 .text.mmc_send_op_cond_iter
                0x000000008081a6b4       0x84 drivers/mmc/libmmc.o
 .text.mmc_send_op_cond
                0x000000008081a738       0x70 drivers/mmc/libmmc.o
                0x000000008081a738                mmc_send_op_cond
 .text.mmc_start_init
                0x000000008081a7a8      0x248 drivers/mmc/libmmc.o
                0x000000008081a7a8                mmc_start_init
 .text.mmc_initialize
                0x000000008081a9f0       0x7c drivers/mmc/libmmc.o
                0x000000008081a9f0                mmc_initialize
 .text.mmc_complete_op_cond
                0x000000008081aa6c       0xc8 drivers/mmc/libmmc.o
                0x000000008081aa6c                mmc_complete_op_cond
 .text.mmc_set_capacity
                0x000000008081ab34       0xa8 drivers/mmc/libmmc.o
 .text.T.130    0x000000008081abdc       0x58 drivers/mmc/libmmc.o
 .text.T.131    0x000000008081ac34       0xcc drivers/mmc/libmmc.o
 .text.mmc_berase
                0x000000008081ad00      0x188 drivers/mmc/libmmc.o
 .text.mmc_bwrite
                0x000000008081ae88      0x184 drivers/mmc/libmmc.o
 .text.mmc_switch
                0x000000008081b00c       0x50 drivers/mmc/libmmc.o
 .text.mmc_startup
                0x000000008081b05c      0xaa8 drivers/mmc/libmmc.o
 .text.mmc_init
                0x000000008081bb04       0x88 drivers/mmc/libmmc.o
                0x000000008081bb04                mmc_init
 .text.mmc_get_dev
                0x000000008081bb8c       0x28 drivers/mmc/libmmc.o
                0x000000008081bb8c                mmc_get_dev
 .text.mmc_switch_part
                0x000000008081bbb4       0x4c drivers/mmc/libmmc.o
                0x000000008081bbb4                mmc_switch_part
 .text.omap_mmc_setup_gpio_in
                0x000000008081bc00       0x48 drivers/mmc/libmmc.o
 .text.omap_mmc_init
                0x000000008081bc48      0x168 drivers/mmc/libmmc.o
                0x000000008081bc48                omap_mmc_init
 .text.omap_mmc_getwp
                0x000000008081bdb0        0xc drivers/mmc/libmmc.o
 .text.omap_mmc_getcd
                0x000000008081bdbc        0xc drivers/mmc/libmmc.o
 .text.mmc_reset_controller_fsm
                0x000000008081bdc8       0x6c drivers/mmc/libmmc.o
 .text.mmc_init_stream
                0x000000008081be34       0xb0 drivers/mmc/libmmc.o
                0x000000008081be34                mmc_init_stream
 .text.mmc_init_setup
                0x000000008081bee4      0x15c drivers/mmc/libmmc.o
 .text.mtd_erase
                0x000000008081c040       0x9c drivers/mtd/libmtd.o
                0x000000008081c040                mtd_erase
 .text.mtd_read
                0x000000008081c0dc       0x98 drivers/mtd/libmtd.o
                0x000000008081c0dc                mtd_read
 .text.mtd_write
                0x000000008081c174       0xb8 drivers/mtd/libmtd.o
                0x000000008081c174                mtd_write
 .text.mtd_read_oob
                0x000000008081c22c       0x30 drivers/mtd/libmtd.o
                0x000000008081c22c                mtd_read_oob
 .text.mtd_block_isbad
                0x000000008081c25c       0x4c drivers/mtd/libmtd.o
                0x000000008081c25c                mtd_block_isbad
 .text.mtd_block_markbad
                0x000000008081c2a8       0x5c drivers/mtd/libmtd.o
                0x000000008081c2a8                mtd_block_markbad
 .text.add_mtd_device
                0x000000008081c304       0x7c drivers/mtd/libmtd.o
                0x000000008081c304                add_mtd_device
 .text.get_mtd_device_nm
                0x000000008081c380       0x64 drivers/mtd/libmtd.o
                0x000000008081c380                get_mtd_device_nm
 .text.nand_register
                0x000000008081c3e4       0x90 drivers/mtd/nand/libnand.o
                0x000000008081c3e4                nand_register
 .text.nand_init
                0x000000008081c474       0x68 drivers/mtd/nand/libnand.o
                0x000000008081c474                nand_init
 .text.bbt_get_ver_offs
                0x000000008081c4dc       0x1c drivers/mtd/nand/libnand.o
 .text.nand_isbad_bbt
                0x000000008081c4f8       0x50 drivers/mtd/nand/libnand.o
                0x000000008081c4f8                nand_isbad_bbt
 .text.read_bbt
                0x000000008081c548      0x1d8 drivers/mtd/nand/libnand.o
 .text.read_abs_bbt
                0x000000008081c720       0xcc drivers/mtd/nand/libnand.o
 .text.scan_read_oob
                0x000000008081c7ec       0xc0 drivers/mtd/nand/libnand.o
 .text.scan_read
                0x000000008081c8ac       0x64 drivers/mtd/nand/libnand.o
 .text.write_bbt
                0x000000008081c910      0x688 drivers/mtd/nand/libnand.o
 .text.nand_update_bbt
                0x000000008081cf98      0x11c drivers/mtd/nand/libnand.o
                0x000000008081cf98                nand_update_bbt
 .text.mark_bbt_region
                0x000000008081d0b4      0x178 drivers/mtd/nand/libnand.o
 .text.verify_bbt_descr
                0x000000008081d22c      0x138 drivers/mtd/nand/libnand.o
 .text.check_pattern
                0x000000008081d364       0xb0 drivers/mtd/nand/libnand.o
 .text.search_bbt
                0x000000008081d414      0x1cc drivers/mtd/nand/libnand.o
 .text.create_bbt
                0x000000008081d5e0      0x2fc drivers/mtd/nand/libnand.o
 .text.nand_scan_bbt
                0x000000008081d8dc      0x4e8 drivers/mtd/nand/libnand.o
                0x000000008081d8dc                nand_scan_bbt
 .text.nand_default_bbt
                0x000000008081ddc4      0x108 drivers/mtd/nand/libnand.o
                0x000000008081ddc4                nand_default_bbt
 .text.check_skip_len
                0x000000008081decc       0xb8 drivers/mtd/nand/libnand.o
 .text.nand_read_skip_bad
                0x000000008081df84      0x250 drivers/mtd/nand/libnand.o
                0x000000008081df84                nand_read_skip_bad
 .text.nand_write_skip_bad
                0x000000008081e1d4      0x264 drivers/mtd/nand/libnand.o
                0x000000008081e1d4                nand_write_skip_bad
 .text.nand_erase_opts
                0x000000008081e438      0x36c drivers/mtd/nand/libnand.o
                0x000000008081e438                nand_erase_opts
 .text.nand_calculate_ecc
                0x000000008081e7a4       0xf4 drivers/mtd/nand/libnand.o
                0x000000008081e7a4                nand_calculate_ecc
 .text.nand_correct_data
                0x000000008081e898      0x11c drivers/mtd/nand/libnand.o
                0x000000008081e898                nand_correct_data
 .text.generic_ffs
                0x000000008081e9b4       0x54 drivers/mtd/nand/libnand.o
 .text.nand_release_device
                0x000000008081ea08       0x18 drivers/mtd/nand/libnand.o
 .text.nand_read_byte
                0x000000008081ea20       0x10 drivers/mtd/nand/libnand.o
                0x000000008081ea20                nand_read_byte
 .text.nand_read_byte16
                0x000000008081ea30       0x14 drivers/mtd/nand/libnand.o
 .text.nand_read_word
                0x000000008081ea44       0x10 drivers/mtd/nand/libnand.o
 .text.nand_write_buf
                0x000000008081ea54       0x2c drivers/mtd/nand/libnand.o
                0x000000008081ea54                nand_write_buf
 .text.nand_read_buf
                0x000000008081ea80       0x28 drivers/mtd/nand/libnand.o
                0x000000008081ea80                nand_read_buf
 .text.nand_verify_buf
                0x000000008081eaa8       0x40 drivers/mtd/nand/libnand.o
 .text.nand_write_buf16
                0x000000008081eae8       0x34 drivers/mtd/nand/libnand.o
                0x000000008081eae8                nand_write_buf16
 .text.nand_read_buf16
                0x000000008081eb1c       0x34 drivers/mtd/nand/libnand.o
                0x000000008081eb1c                nand_read_buf16
 .text.nand_verify_buf16
                0x000000008081eb50       0x48 drivers/mtd/nand/libnand.o
 .text.nand_check_wp
                0x000000008081eb98       0x4c drivers/mtd/nand/libnand.o
 .text.nand_get_device
                0x000000008081ebe4        0xc drivers/mtd/nand/libnand.o
 .text.nand_read_page_raw
                0x000000008081ebf0       0x44 drivers/mtd/nand/libnand.o
 .text.nand_read_page_raw_syndrome
                0x000000008081ec34       0xd4 drivers/mtd/nand/libnand.o
 .text.nand_read_page_swecc
                0x000000008081ed08      0x128 drivers/mtd/nand/libnand.o
 .text.nand_read_subpage
                0x000000008081ee30      0x280 drivers/mtd/nand/libnand.o
 .text.nand_read_page_hwecc
                0x000000008081f0b0      0x138 drivers/mtd/nand/libnand.o
 .text.nand_read_page_hwecc_oob_first
                0x000000008081f1e8      0x13c drivers/mtd/nand/libnand.o
 .text.nand_read_page_syndrome
                0x000000008081f324      0x128 drivers/mtd/nand/libnand.o
 .text.nand_read_oob_std
                0x000000008081f44c       0x3c drivers/mtd/nand/libnand.o
 .text.nand_read_oob_syndrome
                0x000000008081f488      0x100 drivers/mtd/nand/libnand.o
 .text.nand_write_oob_std
                0x000000008081f588       0x70 drivers/mtd/nand/libnand.o
 .text.nand_write_oob_syndrome
                0x000000008081f5f8      0x1b0 drivers/mtd/nand/libnand.o
 .text.nand_write_page_raw
                0x000000008081f7a8       0x44 drivers/mtd/nand/libnand.o
 .text.nand_write_page_raw_syndrome
                0x000000008081f7ec       0xd4 drivers/mtd/nand/libnand.o
 .text.nand_write_page_swecc
                0x000000008081f8c0       0xbc drivers/mtd/nand/libnand.o
 .text.nand_write_page_hwecc
                0x000000008081f97c       0xcc drivers/mtd/nand/libnand.o
 .text.nand_write_page_syndrome
                0x000000008081fa48       0xf8 drivers/mtd/nand/libnand.o
 .text.single_erase_cmd
                0x000000008081fb40       0x3c drivers/mtd/nand/libnand.o
 .text.multi_erase_cmd
                0x000000008081fb7c       0x8c drivers/mtd/nand/libnand.o
 .text.nand_sync
                0x000000008081fc08       0x24 drivers/mtd/nand/libnand.o
 .text.nand_onfi_set_features
                0x000000008081fc2c       0x60 drivers/mtd/nand/libnand.o
 .text.nand_write_page
                0x000000008081fc8c       0xbc drivers/mtd/nand/libnand.o
 .text.nand_block_bad
                0x000000008081fd48      0x1a0 drivers/mtd/nand/libnand.o
 .text.nand_select_chip
                0x000000008081fee8       0x58 drivers/mtd/nand/libnand.o
 .text.nand_scan_tail
                0x000000008081ff40      0x610 drivers/mtd/nand/libnand.o
                0x000000008081ff40                nand_scan_tail
 .text.nand_block_checkbad
                0x0000000080820550       0x80 drivers/mtd/nand/libnand.o
 .text.nand_block_isbad
                0x00000000808205d0       0x1c drivers/mtd/nand/libnand.o
 .text.nand_block_markbad
                0x00000000808205ec       0x3c drivers/mtd/nand/libnand.o
 .text.nand_onfi_get_features
                0x0000000080820628       0x68 drivers/mtd/nand/libnand.o
 .text.nand_fill_oob
                0x0000000080820690      0x124 drivers/mtd/nand/libnand.o
 .text.nand_do_write_oob
                0x00000000808207b4      0x190 drivers/mtd/nand/libnand.o
 .text.nand_do_write_ops
                0x0000000080820944      0x354 drivers/mtd/nand/libnand.o
 .text.nand_write_oob
                0x0000000080820c98       0xb8 drivers/mtd/nand/libnand.o
 .text.nand_write
                0x0000000080820d50       0x7c drivers/mtd/nand/libnand.o
 .text.nand_transfer_oob
                0x0000000080820dcc      0x10c drivers/mtd/nand/libnand.o
 .text.nand_do_read_ops
                0x0000000080820ed8      0x3b4 drivers/mtd/nand/libnand.o
 .text.nand_read_oob
                0x000000008082128c      0x2a0 drivers/mtd/nand/libnand.o
 .text.nand_read
                0x000000008082152c       0x7c drivers/mtd/nand/libnand.o
 .text.nand_erase_nand
                0x00000000808215a8      0x364 drivers/mtd/nand/libnand.o
                0x00000000808215a8                nand_erase_nand
 .text.nand_erase
                0x000000008082190c        0x8 drivers/mtd/nand/libnand.o
 .text.nand_default_block_markbad
                0x0000000080821914      0x1c8 drivers/mtd/nand/libnand.o
 .text.nand_wait
                0x0000000080821adc       0xd4 drivers/mtd/nand/libnand.o
 .text.nand_wait_ready
                0x0000000080821bb0       0x4c drivers/mtd/nand/libnand.o
                0x0000000080821bb0                nand_wait_ready
 .text.nand_command
                0x0000000080821bfc      0x1d8 drivers/mtd/nand/libnand.o
 .text.nand_command_lp
                0x0000000080821dd4      0x260 drivers/mtd/nand/libnand.o
 .text.nand_scan_ident
                0x0000000080822034      0x824 drivers/mtd/nand/libnand.o
                0x0000000080822034                nand_scan_ident
 .text.nand_scan
                0x0000000080822858       0x24 drivers/mtd/nand/libnand.o
                0x0000000080822858                nand_scan
 .text.omap_nand_hwcontrol
                0x000000008082287c       0xa4 drivers/mtd/nand/libnand.o
 .text.omap_hwecc_init_bch
                0x0000000080822920       0x8c drivers/mtd/nand/libnand.o
 .text.omap_enable_ecc_bch
                0x00000000808229ac       0x2c drivers/mtd/nand/libnand.o
 .text.omap_read_page_bch
                0x00000000808229d8      0x1b0 drivers/mtd/nand/libnand.o
 .text.board_nand_init
                0x0000000080822b88      0x174 drivers/mtd/nand/libnand.o
                0x0000000080822b88                board_nand_init
 .text.omap_correct_data_bch
                0x0000000080822cfc      0x148 drivers/mtd/nand/libnand.o
 .text.omap_calculate_ecc_bch
                0x0000000080822e44       0x8c drivers/mtd/nand/libnand.o
 .text.spi_flash_addr
                0x0000000080822ed0       0x18 drivers/mtd/spi/libspi_flash.o
 .text.spi_flash_free
                0x0000000080822ee8       0x1c drivers/mtd/spi/libspi_flash.o
                0x0000000080822ee8                spi_flash_free
 .text.spi_flash_do_alloc
                0x0000000080822f04       0x70 drivers/mtd/spi/libspi_flash.o
                0x0000000080822f04                spi_flash_do_alloc
 .text.spi_flash_read_write
                0x0000000080822f74       0x74 drivers/mtd/spi/libspi_flash.o
 .text.spi_flash_cmd_write
                0x0000000080822fe8       0x1c drivers/mtd/spi/libspi_flash.o
                0x0000000080822fe8                spi_flash_cmd_write
 .text.spi_flash_cmd_read
                0x0000000080823004       0x1c drivers/mtd/spi/libspi_flash.o
                0x0000000080823004                spi_flash_cmd_read
 .text.spi_flash_read_common
                0x0000000080823020       0x58 drivers/mtd/spi/libspi_flash.o
                0x0000000080823020                spi_flash_read_common
 .text.spi_flash_bank_config
                0x0000000080823078       0xb0 drivers/mtd/spi/libspi_flash.o
                0x0000000080823078                spi_flash_bank_config
 .text.spi_flash_cmd
                0x0000000080823128       0x2c drivers/mtd/spi/libspi_flash.o
                0x0000000080823128                spi_flash_cmd
 .text.spi_flash_probe
                0x0000000080823154      0x144 drivers/mtd/spi/libspi_flash.o
                0x0000000080823154                spi_flash_probe
 .text.spi_flash_cmd_wait_ready
                0x0000000080823298       0xd4 drivers/mtd/spi/libspi_flash.o
                0x0000000080823298                spi_flash_cmd_wait_ready
 .text.spi_flash_write_common
                0x000000008082336c       0x98 drivers/mtd/spi/libspi_flash.o
                0x000000008082336c                spi_flash_write_common
 .text.spi_flash_cmd_bankaddr_write
                0x0000000080823404       0x58 drivers/mtd/spi/libspi_flash.o
                0x0000000080823404                spi_flash_cmd_bankaddr_write
 .text.spi_flash_cmd_read_fast
                0x000000008082345c       0xc0 drivers/mtd/spi/libspi_flash.o
                0x000000008082345c                spi_flash_cmd_read_fast
 .text.spi_flash_cmd_write_multi
                0x000000008082351c       0xc4 drivers/mtd/spi/libspi_flash.o
                0x000000008082351c                spi_flash_cmd_write_multi
 .text.spi_flash_cmd_erase
                0x00000000808235e0       0xc0 drivers/mtd/spi/libspi_flash.o
                0x00000000808235e0                spi_flash_cmd_erase
 .text.spi_flash_probe_stmicro
                0x00000000808236a0       0xe4 drivers/mtd/spi/libspi_flash.o
                0x00000000808236a0                spi_flash_probe_stmicro
 .text.cpsw_ale_read
                0x0000000080823784       0x2c drivers/net/libnet.o
 .text.cpsw_ale_write
                0x00000000808237b0       0x3c drivers/net/libnet.o
 .text.cpsw_ale_match_free
                0x00000000808237ec       0x50 drivers/net/libnet.o
 .text.cpsw_ale_find_ageable
                0x000000008082383c       0x70 drivers/net/libnet.o
 .text.cpdma_submit
                0x00000000808238ac       0x90 drivers/net/libnet.o
 .text.cpdma_process
                0x000000008082393c       0x90 drivers/net/libnet.o
 .text.cpsw_halt
                0x00000000808239cc       0x60 drivers/net/libnet.o
 .text.cpsw_mdio_write
                0x0000000080823a2c       0xc0 drivers/net/libnet.o
 .text.cpsw_mdio_read
                0x0000000080823aec       0xc0 drivers/net/libnet.o
 .text.cpsw_register
                0x0000000080823bac      0x244 drivers/net/libnet.o
                0x0000000080823bac                cpsw_register
 .text.cpsw_update_link
                0x0000000080823df0       0xf4 drivers/net/libnet.o
 .text.cpsw_recv
                0x0000000080823ee4       0x68 drivers/net/libnet.o
 .text.cpsw_send
                0x0000000080823f4c       0xb0 drivers/net/libnet.o
 .text.cpsw_ale_match_addr
                0x0000000080823ffc       0xac drivers/net/libnet.o
 .text.T.113    0x00000000808240a8      0x108 drivers/net/libnet.o
 .text.cpsw_init
                0x00000000808241b0      0x444 drivers/net/libnet.o
 .text.generic_ffs
                0x00000000808245f4       0x54 drivers/net/phy/libphy.o
 .text.genphy_restart_aneg
                0x0000000080824648       0x54 drivers/net/phy/libphy.o
                0x0000000080824648                genphy_restart_aneg
 .text.genphy_config_aneg
                0x000000008082469c      0x1e4 drivers/net/phy/libphy.o
                0x000000008082469c                genphy_config_aneg
 .text.genphy_parse_link
                0x0000000080824880      0x184 drivers/net/phy/libphy.o
                0x0000000080824880                genphy_parse_link
 .text.genphy_config
                0x0000000080824a04       0xb4 drivers/net/phy/libphy.o
                0x0000000080824a04                genphy_config
 .text.genphy_shutdown
                0x0000000080824ab8        0x8 drivers/net/phy/libphy.o
                0x0000000080824ab8                genphy_shutdown
 .text.phy_register
                0x0000000080824ac0       0x28 drivers/net/phy/libphy.o
                0x0000000080824ac0                phy_register
 .text.phy_startup
                0x0000000080824ae8       0x20 drivers/net/phy/libphy.o
                0x0000000080824ae8                phy_startup
 .text.__board_phy_config
                0x0000000080824b08       0x20 drivers/net/phy/libphy.o
                0x0000000080824b08                board_phy_config
 .text.phy_config
                0x0000000080824b28       0x10 drivers/net/phy/libphy.o
                0x0000000080824b28                phy_config
 .text.phy_device_create
                0x0000000080824b38       0xe4 drivers/net/phy/libphy.o
 .text.get_phy_device_by_mask
                0x0000000080824c1c      0x14c drivers/net/phy/libphy.o
 .text.phy_find_by_mask
                0x0000000080824d68       0x3c drivers/net/phy/libphy.o
                0x0000000080824d68                phy_find_by_mask
 .text.phy_reset
                0x0000000080824da4       0xac drivers/net/phy/libphy.o
                0x0000000080824da4                phy_reset
 .text.phy_connect_dev
                0x0000000080824e50       0x40 drivers/net/phy/libphy.o
                0x0000000080824e50                phy_connect_dev
 .text.phy_connect
                0x0000000080824e90       0x50 drivers/net/phy/libphy.o
                0x0000000080824e90                phy_connect
 .text.phy_init
                0x0000000080824ee0       0x10 drivers/net/phy/libphy.o
                0x0000000080824ee0                phy_init
 .text.genphy_update_link
                0x0000000080824ef0      0x13c drivers/net/phy/libphy.o
                0x0000000080824ef0                genphy_update_link
 .text.genphy_startup
                0x000000008082502c       0x1c drivers/net/phy/libphy.o
                0x000000008082502c                genphy_startup
 .text.phy_smsc_init
                0x0000000080825048       0x30 drivers/net/phy/libphy.o
                0x0000000080825048                phy_smsc_init
 .text.smsc_startup
                0x0000000080825078       0x4c drivers/net/phy/libphy.o
 .text.NS16550_init
                0x00000000808250c4       0x64 drivers/serial/libserial.o
                0x00000000808250c4                NS16550_init
 .text.NS16550_reinit
                0x0000000080825128       0x4c drivers/serial/libserial.o
                0x0000000080825128                NS16550_reinit
 .text.NS16550_putc
                0x0000000080825174       0x18 drivers/serial/libserial.o
                0x0000000080825174                NS16550_putc
 .text.NS16550_getc
                0x000000008082518c       0x18 drivers/serial/libserial.o
                0x000000008082518c                NS16550_getc
 .text.NS16550_tstc
                0x00000000808251a4        0xc drivers/serial/libserial.o
                0x00000000808251a4                NS16550_tstc
 .text.serial_null
                0x00000000808251b0        0x4 drivers/serial/libserial.o
                0x00000000808251b0                jz_serial_initialize
                0x00000000808251b0                bfin_serial_initialize
                0x00000000808251b0                p3mx_serial_initialize
                0x00000000808251b0                leon2_serial_initialize
                0x00000000808251b0                leon3_serial_initialize
                0x00000000808251b0                amirix_serial_initialize
                0x00000000808251b0                marvell_serial_initialize
                0x00000000808251b0                cpci750_serial_initialize
                0x00000000808251b0                asc_serial_initialize
                0x00000000808251b0                altera_serial_initialize
                0x00000000808251b0                oc_serial_initialize
                0x00000000808251b0                sh_serial_initialize
                0x00000000808251b0                bmw_serial_initialize
                0x00000000808251b0                mcf_serial_initialize
                0x00000000808251b0                lh7a40x_serial_initialize
                0x00000000808251b0                evb64260_serial_initialize
                0x00000000808251b0                lpc32xx_serial_initialize
                0x00000000808251b0                max3100_serial_initialize
                0x00000000808251b0                mpc85xx_serial_initialize
                0x00000000808251b0                imx_serial_initialize
                0x00000000808251b0                ixp_serial_initialize
                0x00000000808251b0                bfin_jtag_initialize
                0x00000000808251b0                cogent_serial_initialize
                0x00000000808251b0                clps7111_serial_initialize
                0x00000000808251b0                ml2_serial_initialize
                0x00000000808251b0                sandbox_serial_initialize
                0x00000000808251b0                s3c24xx_serial_initialize
                0x00000000808251b0                sconsole_serial_initialize
                0x00000000808251b0                uartlite_serial_initialize
                0x00000000808251b0                au1x00_serial_initialize
                0x00000000808251b0                pxa_serial_initialize
                0x00000000808251b0                atmel_serial_initialize
                0x00000000808251b0                pl01x_serial_initialize
                0x00000000808251b0                altera_jtag_serial_initialize
                0x00000000808251b0                zynq_serial_initalize
                0x00000000808251b0                mpc512x_serial_initialize
                0x00000000808251b0                s5p_serial_initialize
                0x00000000808251b0                ks8695_serial_initialize
                0x00000000808251b0                sa1100_serial_initialize
                0x00000000808251b0                mpc8260_scc_serial_initialize
                0x00000000808251b0                mxc_serial_initialize
                0x00000000808251b0                iop480_serial_initialize
                0x00000000808251b0                s3c44b0_serial_initialize
                0x00000000808251b0                mpc8xx_serial_initialize
                0x00000000808251b0                mpc8260_smc_serial_initialize
                0x00000000808251b0                mpc5xx_serial_initialize
 .text.serial_register
                0x00000000808251b4       0x18 drivers/serial/libserial.o
                0x00000000808251b4                serial_register
 .text.get_current
                0x00000000808251cc       0x3c drivers/serial/libserial.o
 .text.serial_puts
                0x0000000080825208       0x1c drivers/serial/libserial.o
                0x0000000080825208                serial_puts
 .text.serial_putc
                0x0000000080825224       0x1c drivers/serial/libserial.o
                0x0000000080825224                serial_putc
 .text.serial_tstc
                0x0000000080825240       0x14 drivers/serial/libserial.o
                0x0000000080825240                serial_tstc
 .text.serial_getc
                0x0000000080825254       0x14 drivers/serial/libserial.o
                0x0000000080825254                serial_getc
 .text.serial_setbrg
                0x0000000080825268       0x14 drivers/serial/libserial.o
                0x0000000080825268                serial_setbrg
 .text.on_baudrate
                0x000000008082527c       0xe4 drivers/serial/libserial.o
 .text.serial_init
                0x0000000080825360       0x14 drivers/serial/libserial.o
                0x0000000080825360                serial_init
 .text.serial_assign
                0x0000000080825374       0x50 drivers/serial/libserial.o
                0x0000000080825374                serial_assign
 .text.serial_initialize
                0x00000000808253c4       0xcc drivers/serial/libserial.o
                0x00000000808253c4                serial_initialize
 .text.serial_stdio_init
                0x0000000080825490       0x8c drivers/serial/libserial.o
                0x0000000080825490                serial_stdio_init
 .text.calc_divisor
                0x000000008082551c       0x28 drivers/serial/libserial.o
 .text.default_serial_console
                0x0000000080825544        0xc drivers/serial/libserial.o
                0x0000000080825544                default_serial_console
 .text.eserial6_init
                0x0000000080825550       0x24 drivers/serial/libserial.o
 .text.eserial5_init
                0x0000000080825574       0x24 drivers/serial/libserial.o
 .text.eserial4_init
                0x0000000080825598       0x24 drivers/serial/libserial.o
 .text.eserial3_init
                0x00000000808255bc       0x24 drivers/serial/libserial.o
 .text.eserial2_init
                0x00000000808255e0       0x24 drivers/serial/libserial.o
 .text.eserial1_init
                0x0000000080825604       0x24 drivers/serial/libserial.o
 .text.ns16550_serial_initialize
                0x0000000080825628       0x50 drivers/serial/libserial.o
                0x0000000080825628                ns16550_serial_initialize
 .text._serial_setbrg
                0x0000000080825678       0x2c drivers/serial/libserial.o
                0x0000000080825678                _serial_setbrg
 .text.eserial6_setbrg
                0x00000000808256a4        0x8 drivers/serial/libserial.o
 .text.eserial5_setbrg
                0x00000000808256ac        0x8 drivers/serial/libserial.o
 .text.eserial4_setbrg
                0x00000000808256b4        0x8 drivers/serial/libserial.o
 .text.eserial3_setbrg
                0x00000000808256bc        0x8 drivers/serial/libserial.o
 .text.eserial2_setbrg
                0x00000000808256c4        0x8 drivers/serial/libserial.o
 .text.eserial1_setbrg
                0x00000000808256cc        0x8 drivers/serial/libserial.o
 .text._serial_tstc
                0x00000000808256d4       0x14 drivers/serial/libserial.o
                0x00000000808256d4                _serial_tstc
 .text.eserial6_tstc
                0x00000000808256e8        0x8 drivers/serial/libserial.o
 .text.eserial5_tstc
                0x00000000808256f0        0x8 drivers/serial/libserial.o
 .text.eserial4_tstc
                0x00000000808256f8        0x8 drivers/serial/libserial.o
 .text.eserial3_tstc
                0x0000000080825700        0x8 drivers/serial/libserial.o
 .text.eserial2_tstc
                0x0000000080825708        0x8 drivers/serial/libserial.o
 .text.eserial1_tstc
                0x0000000080825710        0x8 drivers/serial/libserial.o
 .text._serial_getc
                0x0000000080825718       0x1c drivers/serial/libserial.o
                0x0000000080825718                _serial_getc
 .text.eserial6_getc
                0x0000000080825734        0x8 drivers/serial/libserial.o